###############################################################################
#
# IAR ELF Linker V3.11.1.207 for STM8                     09/Feb/2022  19:52:55
# Copyright 2010-2019 IAR Systems AB.
#
#    Output file  =  C:\dev\STM8\SigAnalyzerSTM8\Debug\Exe\SigAnalyzer.out
#    Map file     =  C:\dev\STM8\SigAnalyzerSTM8\Debug\List\SigAnalyzer.map
#    Command line =  
#        -f C:\Users\ferna\AppData\Local\Temp\EWB841.tmp
#        (C:\dev\STM8\SigAnalyzerSTM8\Debug\Obj\clocking.o
#        C:\dev\STM8\SigAnalyzerSTM8\Debug\Obj\gpio.o
#        C:\dev\STM8\SigAnalyzerSTM8\Debug\Obj\main.o
#        C:\dev\STM8\SigAnalyzerSTM8\Debug\Obj\parser.o
#        C:\dev\STM8\SigAnalyzerSTM8\Debug\Obj\pwm_generate.o
#        C:\dev\STM8\SigAnalyzerSTM8\Debug\Obj\pwm_measure.o
#        C:\dev\STM8\SigAnalyzerSTM8\Debug\Obj\sig_generate.o
#        C:\dev\STM8\SigAnalyzerSTM8\Debug\Obj\spi.o
#        C:\dev\STM8\SigAnalyzerSTM8\Debug\Obj\stm8s_clk.o
#        C:\dev\STM8\SigAnalyzerSTM8\Debug\Obj\stm8s_flash.o
#        C:\dev\STM8\SigAnalyzerSTM8\Debug\Obj\stm8s_gpio.o
#        C:\dev\STM8\SigAnalyzerSTM8\Debug\Obj\stm8s_it.o
#        C:\dev\STM8\SigAnalyzerSTM8\Debug\Obj\stm8s_itc.o
#        C:\dev\STM8\SigAnalyzerSTM8\Debug\Obj\stm8s_rst.o
#        C:\dev\STM8\SigAnalyzerSTM8\Debug\Obj\stm8s_spi.o
#        C:\dev\STM8\SigAnalyzerSTM8\Debug\Obj\stm8s_tim1.o
#        C:\dev\STM8\SigAnalyzerSTM8\Debug\Obj\stm8s_tim2.o
#        C:\dev\STM8\SigAnalyzerSTM8\Debug\Obj\stm8s_tim3.o
#        C:\dev\STM8\SigAnalyzerSTM8\Debug\Obj\stm8s_tim4.o
#        C:\dev\STM8\SigAnalyzerSTM8\Debug\Obj\stm8s_uart1.o
#        C:\dev\STM8\SigAnalyzerSTM8\Debug\Obj\timers.o
#        C:\dev\STM8\SigAnalyzerSTM8\Debug\Obj\uart.o --redirect
#        _Printf=_PrintfSmall --redirect _Scanf=_ScanfSmall --no_out_extension
#        -o C:\dev\STM8\SigAnalyzerSTM8\Debug\Exe\SigAnalyzer.out --map
#        C:\dev\STM8\SigAnalyzerSTM8\Debug\List\SigAnalyzer.map --config
#        "C:\Program Files (x86)\IAR Systems\Embedded Workbench
#        8.3\stm8\config\lnkstm8s103f3.icf" --config_def _CSTACK_SIZE=0x100
#        --config_def _HEAP_SIZE=0x100 --entry __iar_program_start --debug_lib)
#
###############################################################################

*******************************************************************************
*** RUNTIME MODEL ATTRIBUTES
***

__SystemLibrary            = DLib
__code_model               = small
__core                     = stm8
__data_model               = medium
__dlib_file_descriptor     = 0
__dlib_full_locale_support = 0
__rt_version               = 4


*******************************************************************************
*** PLACEMENT SUMMARY
***

"A0":  place at start of [0x000000-0x0000ff] { rw section .vregs };
"A1":  place at end of [0x000000-0x0003ff] { block CSTACK };
"P2":  place in [from 0x000000 to 0x0003ff] {
          block HEAP, rw section __DLIB_PERTHREAD, rw section .far.bss,
          rw section .far.data, rw section .far.noinit,
          rw section .far_func.textrw, rw section .huge.bss,
          rw section .huge.data, rw section .huge.noinit,
          rw section .huge_func.textrw, rw section .iar.dynexit,
          rw section .near.bss, rw section .near.data, rw section .near.noinit,
          rw section .near_func.textrw };
"A2":  place at start of [0x008000-0x009fff] { block INTVEC };
"P3":  place in [from 0x008000 to 0x009fff] {
          ro section __DLIB_PERTHREAD_init, ro section .far.data_init,
          ro section .far_func.textrw_init, ro section .huge.data_init,
          ro section .huge_func.textrw_init, ro section .iar.init_table,
          ro section .init_array, ro section .near.data_init,
          ro section .near.rodata, ro section .near_func.text,
          ro section .near_func.textrw_init, ro section .tiny.data_init,
          ro section .tiny.rodata_init };
"P4":  place in [from 0x008000 to 0x009fff] {
          ro section .far.rodata, ro section .far_func.text };
"P5":  place in [from 0x008000 to 0x009fff] {
          ro section .huge.rodata, ro section .huge_func.text };
do not initialize {
   rw section .eeprom.noinit, rw section .far.noinit, rw section .huge.noinit,
   rw section .near.noinit, rw section .tiny.noinit, rw section .vregs };
initialize by copy {
   rw section .far.bss, rw section .far.data, rw section .far_func.textrw,
   rw section .huge.bss, rw section .huge.data, rw section .huge_func.textrw,
   rw section .iar.dynexit, rw section .near.bss, rw section .near.data,
   rw section .near_func.textrw, rw section .tiny.bss, rw section .tiny.data,
   ro section .tiny.rodata };

No sections matched the following patterns:

  ro section .far.data_init          in "P3-P5"
  ro section .far.rodata             in "P3-P5"
  ro section .far_func.text          in "P3-P5"
  ro section .far_func.textrw_init   in "P3-P5"
  ro section .huge.data_init         in "P3-P5"
  ro section .huge.rodata            in "P3-P5"
  ro section .huge_func.text         in "P3-P5"
  ro section .huge_func.textrw_init  in "P3-P5"
  ro section .iar.init_table         in "P3-P5"
  ro section .init_array             in "P3-P5"
  ro section .near_func.textrw_init  in "P3-P5"
  ro section .tiny.data_init         in "P3-P5"
  ro section .tiny.rodata_init       in "P3-P5"
  ro section __DLIB_PERTHREAD_init   in "P3-P5"
  rw section .far.bss                in "P2"
  rw section .far.data               in "P2"
  rw section .far.noinit             in "P2"
  rw section .far_func.textrw        in "P2"
  rw section .huge.bss               in "P2"
  rw section .huge.data              in "P2"
  rw section .huge.noinit            in "P2"
  rw section .huge_func.textrw       in "P2"
  rw section .iar.dynexit            in "P2"
  rw section .near.noinit            in "P2"
  rw section .near_func.textrw       in "P2"
  rw section .tiny.bss               in "P1"
  rw section .tiny.data              in "P1"
  rw section .tiny.noinit            in "P1"
  rw section .tiny.rodata            in "P1"
  rw section __DLIB_PERTHREAD        in "P2"
  section .eeprom.data               in "P6-P8"
  section .eeprom.noinit             in "P6-P8"
  section .eeprom.rodata             in "P6-P8"


  Section            Kind      Address   Size  Object
  -------            ----      -------   ----  ------
"A0":                                     0xc
  .vregs             uninit   0x000000    0xc  vregs.o [4]
                            - 0x00000c    0xc

"P2":                                    0x40
  P2-1                        0x00000c   0x40  <Init block>
    .near.data       inited   0x00000c    0x1  parser.o [1]
    .near.data       inited   0x00000d   0x18  sig_generate.o [1]
    .near.data       inited   0x000025    0x1  timers.o [1]
    .near.data       inited   0x000026    0x1  timers.o [1]
    .near.bss        inited   0x000027    0x1  main.o [1]
    .near.bss        inited   0x000028    0x2  main.o [1]
    .near.bss        inited   0x00002a    0x2  main.o [1]
    .near.bss        inited   0x00002c    0x2  main.o [1]
    .near.bss        inited   0x00002e    0x1  main.o [1]
    .near.bss        inited   0x00002f    0x1  main.o [1]
    .near.bss        inited   0x000030    0x1  main.o [1]
    .near.bss        inited   0x000031    0x1  main.o [1]
    .near.bss        inited   0x000032    0x1  main.o [1]
    .near.bss        inited   0x000033    0x3  parser.o [1]
    .near.bss        inited   0x000036    0x1  parser.o [1]
    .near.bss        inited   0x000037    0x2  pwm_measure.o [1]
    .near.bss        inited   0x000039    0x1  pwm_measure.o [1]
    .near.bss        inited   0x00003a    0x2  pwm_measure.o [1]
    .near.bss        inited   0x00003c    0x1  pwm_measure.o [1]
    .near.bss        inited   0x00003d    0x2  pwm_measure.o [1]
    .near.bss        inited   0x00003f    0x2  pwm_measure.o [1]
    .near.bss        inited   0x000041    0x2  pwm_measure.o [1]
    .near.bss        inited   0x000043    0x1  sig_generate.o [1]
    .near.bss        inited   0x000044    0x2  sig_generate.o [1]
    .near.bss        inited   0x000046    0x2  timers.o [1]
    .near.bss        inited   0x000048    0x2  timers.o [1]
    .near.bss        inited   0x00004a    0x2  timers.o [1]
                            - 0x00004c   0x40

"A1":                                   0x100
  CSTACK                      0x000300  0x100  <Block>
    CSTACK           uninit   0x000300  0x100  <Block tail>
                            - 0x000400  0x100

"A2":                                    0x80
  INTVEC                      0x008000   0x80  <Block>
    .intvec          const    0x008000   0x80  interrupt.o [4]
                            - 0x008080   0x80

"P3-P5":                                0xca7
  .near_func.text    ro code  0x008080  0x147  timers.o [1]
  .near_func.text    ro code  0x0081c7  0x10e  main.o [1]
  .near_func.text    ro code  0x0082d5  0x10e  stm8s_gpio.o [1]
  .near_func.text    ro code  0x0083e3   0xfa  long.o [4]
  .near_func.text    ro code  0x0084dd   0xd1  timers.o [1]
  .near_func.text    ro code  0x0085ae   0x90  vreg_util.o [4]
  .near_func.text    ro code  0x00863e   0x86  parser.o [1]
  .near_func.text    ro code  0x0086c4   0x71  gpio.o [1]
  .near_func.text    ro code  0x008735   0x67  spi.o [1]
  .near_func.text    ro code  0x00879c   0x63  pwm_measure.o [1]
  .near_func.text    ro code  0x0087ff   0x5b  stm8s_flash.o [1]
  .near_func.text    ro code  0x00885a   0x51  timers.o [1]
  .near_func.text    ro code  0x0088ab   0x45  parser.o [1]
  Initializer bytes  const    0x0088f0   0x40  <for P2-1>
  .near_func.text    ro code  0x008930   0x3d  stm8s_clk.o [1]
  .near_func.text    ro code  0x00896d   0x3b  stm8s_flash.o [1]
  .near.rodata       const    0x0089a8   0x36  stm8s_flash.o [1]
  .near.rodata       const    0x0089de   0x35  stm8s_gpio.o [1]
  .near.rodata       const    0x008a13   0x34  stm8s_clk.o [1]
  .near_func.text    ro code  0x008a47   0x32  timers.o [1]
  .near_func.text    ro code  0x008a79   0x2f  timers.o [1]
  .near_func.text    ro code  0x008aa8   0x2d  timers.o [1]
  .near_func.text    ro code  0x008ad5   0x2b  stm8s_flash.o [1]
  .near_func.text    ro code  0x008b00   0x29  main.o [1]
  .near_func.text    ro code  0x008b29   0x28  init_small.o [4]
  .near_func.text    ro code  0x008b51   0x21  stm8s_flash.o [1]
  .iar.init_table    const    0x008b72    0xa  - Linker created -
  .near_func.text    ro code  0x008b7c   0x1e  main.o [1]
  .near_func.text    ro code  0x008b9a   0x1e  short.o [4]
  .near_func.text    ro code  0x008bb8   0x18  stm8s_flash.o [1]
  .near_func.text    ro code  0x008bd0   0x18  dc_util.o [4]
  .near_func.text    ro code  0x008be8   0x14  parser.o [1]
  .near_func.text    ro code  0x008bfc   0x14  spi.o [1]
  .near_func.text    ro code  0x008c10   0x14  init.o [4]
  .near_func.text    ro code  0x008c24   0x14  __dbg_xxexit.o [3]
  .near_func.text    ro code  0x008c38   0x13  cstartup.o [4]
  .near_func.text    ro code  0x008c4b   0x12  stm8s_it.o [1]
  .near_func.text    ro code  0x008c5d   0x12  move.o [4]
  .near_func.text    ro code  0x008c6f   0x11  spi.o [1]
  .near_func.text    ro code  0x008c80   0x11  spi.o [1]
  .near_func.text    ro code  0x008c91   0x10  parser.o [1]
  .near_func.text    ro code  0x008ca1    0xd  pwm_generate.o [1]
  .near_func.text    ro code  0x008cae    0xd  pwm_measure.o [1]
  .near_func.text    ro code  0x008cbb    0xc  long_util.o [4]
  .near_func.text    ro code  0x008cc7    0xb  abs.o [4]
  .near_func.text    ro code  0x008cd2    0xa  sig_generate.o [1]
  .near_func.text    ro code  0x008cdc    0x8  stm8s_gpio.o [1]
  .near_func.text    ro code  0x008ce4    0x7  stm8s_gpio.o [1]
  .near_func.text    ro code  0x008ceb    0x6  clocking.o [1]
  .near_func.text    ro code  0x008cf1    0x5  cexit.o [4]
  .near_func.text    ro code  0x008cf6    0x3  interrupt.o [4]
  .near_func.text    ro code  0x008cf9    0x3  low_level_init.o [4]
  .near_func.text    ro code  0x008cfc    0x3  exit.o [4]
  .near_func.text    ro code  0x008cff    0x3  unhandled_exception.o [4]
  .near_func.text    ro code  0x008d02    0x2  main.o [1]
  .near_func.text    ro code  0x008d04    0x2  stm8s_it.o [1]
  .near_func.text    ro code  0x008d06    0x2  stm8s_it.o [1]
  .near_func.text    ro code  0x008d08    0x2  stm8s_it.o [1]
  .near_func.text    ro code  0x008d0a    0x2  stm8s_it.o [1]
  .near_func.text    ro code  0x008d0c    0x2  stm8s_it.o [1]
  .near_func.text    ro code  0x008d0e    0x2  stm8s_it.o [1]
  .near_func.text    ro code  0x008d10    0x2  stm8s_it.o [1]
  .near_func.text    ro code  0x008d12    0x2  stm8s_it.o [1]
  .near_func.text    ro code  0x008d14    0x2  stm8s_it.o [1]
  .near_func.text    ro code  0x008d16    0x2  stm8s_it.o [1]
  .near_func.text    ro code  0x008d18    0x2  stm8s_it.o [1]
  .near_func.text    ro code  0x008d1a    0x2  stm8s_it.o [1]
  .near_func.text    ro code  0x008d1c    0x2  stm8s_it.o [1]
  .near_func.text    ro code  0x008d1e    0x2  stm8s_it.o [1]
  .near_func.text    ro code  0x008d20    0x2  stm8s_it.o [1]
  .near_func.text    ro code  0x008d22    0x2  stm8s_it.o [1]
  .near_func.text    ro code  0x008d24    0x2  stm8s_it.o [1]
  .near_func.text    ro code  0x008d26    0x1  __dbg_break.o [3]
                            - 0x008d27  0xca7


*******************************************************************************
*** INIT TABLE
***

          Address   Size
          -------   ----
Copy (__iar_copy_init2)
    1 source range, total size 0x40:
          0x0088f0  0x40
    1 destination range, total size 0x40:
          0x00000c  0x40



*******************************************************************************
*** MODULE SUMMARY
***

    Module                 ro code  ro data  rw data
    ------                 -------  -------  -------
C:\dev\STM8\SigAnalyzerSTM8\Debug\Obj: [1]
    clocking.o                   6
    gpio.o                     113
    main.o                     343       12       12
    parser.o                   239        5        5
    pwm_generate.o              13
    pwm_measure.o              112       12       12
    sig_generate.o              10       27       27
    spi.o                      157
    stm8s_clk.o                 61       52
    stm8s_flash.o              250       54
    stm8s_gpio.o               285       53
    stm8s_it.o                  52
    timers.o                   759        8        8
    ------------------------------------------------
    Total:                   2 400      223       64

command line: [2]
    ------------------------------------------------
    Total:

dbgstm8smd.a: [3]
    __dbg_break.o                1
    __dbg_xxexit.o              20
    ------------------------------------------------
    Total:                      21

dlstm8smn.a: [4]
    abs.o                       11
    cexit.o                      5
    cstartup.o                  19
    dc_util.o                   24
    exit.o                       3
    init.o                      20
    init_small.o                40
    interrupt.o                  3      128
    long.o                     250
    long_util.o                 12
    low_level_init.o             3
    move.o                      18
    short.o                     30
    unhandled_exception.o        3
    vreg_util.o                144
    vregs.o                                       12
    ------------------------------------------------
    Total:                     585      128       12

    Linker created                       10      256
----------------------------------------------------
    Grand Total:             3 006      361      332


*******************************************************************************
*** ENTRY LIST
***

Entry                    Address   Size  Type      Object
-----                    -------   ----  ----      ------
.iar.init_table$$Base   0x008b72          --   Gb  - Linker created -
.iar.init_table$$Limit  0x008b7c          --   Gb  - Linker created -
?b0                     0x000000         Data  Gb  vregs.o [4]
?b1                     0x000001         Data  Gb  vregs.o [4]
?b10                    0x00000a         Data  Gb  vregs.o [4]
?b11                    0x00000b         Data  Gb  vregs.o [4]
?b2                     0x000002         Data  Gb  vregs.o [4]
?b3                     0x000003         Data  Gb  vregs.o [4]
?b4                     0x000004         Data  Gb  vregs.o [4]
?b5                     0x000005         Data  Gb  vregs.o [4]
?b6                     0x000006         Data  Gb  vregs.o [4]
?b7                     0x000007         Data  Gb  vregs.o [4]
?b8                     0x000008         Data  Gb  vregs.o [4]
?b9                     0x000009         Data  Gb  vregs.o [4]
?dc32_l1                0x008bd0         Code  Gb  dc_util.o [4]
?dc32_px                0x008bdd         Code  Gb  dc_util.o [4]
?e0                     0x000001         Data  Gb  vregs.o [4]
?e1                     0x000005         Data  Gb  vregs.o [4]
?e2                     0x000009         Data  Gb  vregs.o [4]
?epilogue_l2            0x008636         Code  Gb  vreg_util.o [4]
?epilogue_w4            0x00863a         Code  Gb  vreg_util.o [4]
?l0                     0x000000         Data  Gb  vregs.o [4]
?l1                     0x000004         Data  Gb  vregs.o [4]
?l2                     0x000008         Data  Gb  vregs.o [4]
?load32_l1_0x           0x008cbb         Code  Gb  long_util.o [4]
?longfarg16_v_w0_a      0x008c5d         Code  Gb  move.o [4]
?longfarg16_v_w0_x      0x008c5f         Code  Gb  move.o [4]
?mul16_x_x_w0           0x008b9a         Code  Gb  short.o [4]
?mul32_l0_l0_0x         0x0083e6         Code  Gb  long.o [4]
?mul32_l0_l0_dl         0x0083e3         Code  Gb  long.o [4]
?mul32_l0_l0_l1         0x0083ef         Code  Gb  long.o [4]
?pop_l0                 0x00860d         Code  Gb  vreg_util.o [4]
?pop_l1                 0x008618         Code  Gb  vreg_util.o [4]
?pop_l2                 0x008623         Code  Gb  vreg_util.o [4]
?pop_w0                 0x0085cb         Code  Gb  vreg_util.o [4]
?pop_w4                 0x0085d2         Code  Gb  vreg_util.o [4]
?push_l0                0x0085e1         Code  Gb  vreg_util.o [4]
?push_l1                0x0085e6         Code  Gb  vreg_util.o [4]
?push_l2                0x0085eb         Code  Gb  vreg_util.o [4]
?push_w0                0x0085ae         Code  Gb  vreg_util.o [4]
?push_w4                0x0085b3         Code  Gb  vreg_util.o [4]
?udiv32_l0_l0_dl        0x00846d         Code  Gb  long.o [4]
?udiv32_l0_l0_l1        0x008470         Code  Gb  long.o [4]
?umod32_l1_l0_l1        0x008470         Code  Gb  long.o [4]
?w0                     0x000000         Data  Gb  vregs.o [4]
?w1                     0x000002         Data  Gb  vregs.o [4]
?w2                     0x000004         Data  Gb  vregs.o [4]
?w3                     0x000006         Data  Gb  vregs.o [4]
?w4                     0x000008         Data  Gb  vregs.o [4]
?w5                     0x00000a         Data  Gb  vregs.o [4]
ADC1_IRQHandler         0x008d22    0x2  Code  Gb  stm8s_it.o [1]
AWU_IRQHandler          0x008d06    0x2  Code  Gb  stm8s_it.o [1]
CLK_HSIPrescalerConfig  0x008930   0x3d  Code  Gb  stm8s_clk.o [1]
CLK_IRQHandler          0x008d08    0x2  Code  Gb  stm8s_it.o [1]
CSTACK$$Base            0x000300          --   Gb  - Linker created -
CSTACK$$Limit           0x000400          --   Gb  - Linker created -
EEPROM_EEC_IRQHandler   0x008d24    0x2  Code  Gb  stm8s_it.o [1]
EXTI_PORTA_IRQHandler   0x008d0a    0x2  Code  Gb  stm8s_it.o [1]
EXTI_PORTB_IRQHandler   0x008d0c    0x2  Code  Gb  stm8s_it.o [1]
EXTI_PORTC_IRQHandler   0x008d0e    0x2  Code  Gb  stm8s_it.o [1]
EXTI_PORTD_IRQHandler   0x008d10    0x2  Code  Gb  stm8s_it.o [1]
EXTI_PORTE_IRQHandler   0x008d12    0x2  Code  Gb  stm8s_it.o [1]
Edge                    0x000025    0x1  Data  Gb  timers.o [1]
FLASH_DeInit            0x008bb8   0x18  Code  Gb  stm8s_flash.o [1]
FLASH_Lock              0x008ad5   0x2b  Code  Gb  stm8s_flash.o [1]
FLASH_ProgramOptionByte
                        0x0087ff   0x5b  Code  Gb  stm8s_flash.o [1]
FLASH_Unlock            0x00896d   0x3b  Code  Gb  stm8s_flash.o [1]
FLASH_WaitForLastOperation
                        0x008b51   0x21  Code  Gb  stm8s_flash.o [1]
GPIO_Init               0x0082d5  0x10e  Code  Gb  stm8s_gpio.o [1]
GPIO_WriteHigh          0x008ce4    0x7  Code  Gb  stm8s_gpio.o [1]
GPIO_WriteLow           0x008cdc    0x8  Code  Gb  stm8s_gpio.o [1]
I2C_IRQHandler          0x008d20    0x2  Code  Gb  stm8s_it.o [1]
INTVEC$$Base            0x008000          --   Gb  - Linker created -
INTVEC$$Limit           0x008080          --   Gb  - Linker created -
IsAction                0x000031    0x1  Data  Gb  main.o [1]
Region$$Table$$Base     0x008b72          --   Gb  - Linker created -
Region$$Table$$Limit    0x008b7c          --   Gb  - Linker created -
SPI_IRQHandler          0x008d14    0x2  Code  Gb  stm8s_it.o [1]
SystemInit              0x008b00   0x29  Code  Gb  main.o [1]
TIM1_CAP_COM_IRQHandler
                        0x0084dd   0xd1  Code  Gb  timers.o [1]
TIM1_UPD_OVF_TRG_BRK_IRQHandler
                        0x008d16    0x2  Code  Gb  stm8s_it.o [1]
TIM2_CAP_COM_IRQHandler
                        0x008d1a    0x2  Code  Gb  stm8s_it.o [1]
TIM2_UPD_OVF_BRK_IRQHandler
                        0x008d18    0x2  Code  Gb  stm8s_it.o [1]
TIM4_UPD_OVF_IRQHandler
                        0x008080  0x147  Code  Gb  timers.o [1]
TLI_IRQHandler          0x008d04    0x2  Code  Gb  stm8s_it.o [1]
TRAP_IRQHandler         0x008c4b   0x12  Code  Gb  stm8s_it.o [1]
UART1_RX_IRQHandler     0x008d1e    0x2  Code  Gb  stm8s_it.o [1]
UART1_TX_IRQHandler     0x008d1c    0x2  Code  Gb  stm8s_it.o [1]
_AD8400_set             0x008bfc   0x14  Code  Gb  spi.o [1]
__DebugBreak            0x008d26    0x1  Code  Gb  __dbg_break.o [3]
__exit                  0x008c24   0x14  Code  Gb  __dbg_xxexit.o [3]
__iar_copy_init2        0x008b29         Code  Gb  init_small.o [4]
__iar_data_init2        0x008c10   0x14  Code  Gb  init.o [4]
__iar_program_start     0x008c38         Code  Gb  cstartup.o [4]
__iar_unhandled_exception
                        0x008cff         Code  Gb  unhandled_exception.o [4]
__intvec                0x008000         Data  Gb  interrupt.o [4]
__low_level_init        0x008cf9    0x3  Code  Gb  low_level_init.o [4]
_exit                   0x008cf1         Code  Gb  cexit.o [4]
_interrupt_1            0x008c4b         Code  Gb  stm8s_it.o [1]
_interrupt_12           0x008d14         Code  Gb  stm8s_it.o [1]
_interrupt_13           0x008d16         Code  Gb  stm8s_it.o [1]
_interrupt_14           0x0084dd         Code  Gb  timers.o [1]
_interrupt_15           0x008d18         Code  Gb  stm8s_it.o [1]
_interrupt_16           0x008d1a         Code  Gb  stm8s_it.o [1]
_interrupt_19           0x008d1c         Code  Gb  stm8s_it.o [1]
_interrupt_2            0x008d04         Code  Gb  stm8s_it.o [1]
_interrupt_20           0x008d1e         Code  Gb  stm8s_it.o [1]
_interrupt_21           0x008d20         Code  Gb  stm8s_it.o [1]
_interrupt_24           0x008d22         Code  Gb  stm8s_it.o [1]
_interrupt_25           0x008080         Code  Gb  timers.o [1]
_interrupt_26           0x008d24         Code  Gb  stm8s_it.o [1]
_interrupt_3            0x008d06         Code  Gb  stm8s_it.o [1]
_interrupt_4            0x008d08         Code  Gb  stm8s_it.o [1]
_interrupt_5            0x008d0a         Code  Gb  stm8s_it.o [1]
_interrupt_6            0x008d0c         Code  Gb  stm8s_it.o [1]
_interrupt_7            0x008d0e         Code  Gb  stm8s_it.o [1]
_interrupt_8            0x008d10         Code  Gb  stm8s_it.o [1]
_interrupt_9            0x008d12         Code  Gb  stm8s_it.o [1]
_spi_sendbyte           0x008735   0x67  Code  Gb  spi.o [1]
_spi_start              0x008c6f   0x11  Code  Gb  spi.o [1]
_spi_stop               0x008c80   0x11  Code  Gb  spi.o [1]
abs                     0x008cc7    0xb  Code  Gb  abs.o [4]
assert_failed           0x008d02    0x2  Code  Gb  main.o [1]
bFirstStart             0x000030    0x1  Data  Gb  main.o [1]
bGenFromTable           0x00002f    0x1  Data  Gb  main.o [1]
bIsPWM                  0x008c91   0x10  Code  Gb  parser.o [1]
bIsStart                0x0088ab   0x45  Code  Gb  parser.o [1]
bIsStop                 0x008be8   0x14  Code  Gb  parser.o [1]
bNewSample              0x00000c    0x1  Data  Gb  parser.o [1]
bStart                  0x00002e    0x1  Data  Gb  main.o [1]
eGetParse               0x00863e   0x86  Code  Gb  parser.o [1]
ePWM_Measure            0x00879c   0x63  Code  Gb  pwm_measure.o [1]
exit                    0x008cfc    0x3  Code  Gb  exit.o [4]
index                   0x000026    0x1  Data  Gb  timers.o [1]
main                    0x0081c7  0x10e  Code  Gb  main.o [1]
sigGen                  0x00000d   0x18  Data  Gb  sig_generate.o [1]
u16CountSamples         0x00003a    0x2  Data  Gb  pwm_measure.o [1]
u16PWMOnes              0x000037    0x2  Data  Gb  pwm_measure.o [1]
u8CountBlinkAction      0x000032    0x1  Data  Gb  main.o [1]
u8PWMFill               0x000039    0x1  Data  Gb  pwm_measure.o [1]
u8PWMMeasured           0x00003c    0x1  Data  Gb  pwm_measure.o [1]
u8PartIndexInc          0x00004a    0x2  Data  Gb  timers.o [1]
ucCountValid            0x000036    0x1  Data  Gb  parser.o [1]
ucCurrentIndexGen       0x000043    0x1  Data  Gb  sig_generate.o [1]
ucPWM_Measure           0x000027    0x1  Data  Gb  main.o [1]
usClockUnStop           0x00002a    0x2  Data  Gb  main.o [1]
usClockUncapture        0x000028    0x2  Data  Gb  main.o [1]
usCurrentIndexSample    0x000044    0x2  Data  Gb  sig_generate.o [1]
usHighTime              0x000048    0x2  Data  Gb  timers.o [1]
usLowTime               0x000046    0x2  Data  Gb  timers.o [1]
usPWMHighTime           0x000041    0x2  Data  Gb  pwm_measure.o [1]
usPWMLowTime            0x00003f    0x2  Data  Gb  pwm_measure.o [1]
usSummaryTime           0x00003d    0x2  Data  Gb  pwm_measure.o [1]
usSysTick               0x00002c    0x2  Data  Gb  main.o [1]
vClearMeasure           0x008cae    0xd  Code  Gb  pwm_measure.o [1]
vClock_Config           0x008ceb    0x6  Code  Gb  clocking.o [1]
vConfigOptionBytes      0x008b7c   0x1e  Code  Gb  main.o [1]
vIncrementGenIndex      0x008cd2    0xa  Code  Gb  sig_generate.o [1]
vSetPWM1                0x008a47   0x32  Code  Gb  timers.o [1]
vTestOut_Config         0x0086c4   0x71  Code  Gb  gpio.o [1]
vTim1_Config            0x008aa8   0x2d  Code  Gb  timers.o [1]
vTim2_Config            0x00885a   0x51  Code  Gb  timers.o [1]
vTim2_EnablePWM         0x008ca1    0xd  Code  Gb  pwm_generate.o [1]
vTim4_Config            0x008a79   0x2f  Code  Gb  timers.o [1]
xNewSample              0x000033    0x3  Data  Gb  parser.o [1]


[1] = C:\dev\STM8\SigAnalyzerSTM8\Debug\Obj
[2] = command line
[3] = dbgstm8smd.a
[4] = dlstm8smn.a

  3 006 bytes of readonly  code memory
    361 bytes of readonly  data memory
    332 bytes of readwrite data memory

Errors: none
Warnings: none
