###############################################################################
#
# IAR ELF Linker V3.11.1.207 for STM8                     22/Aug/2021  11:43:56
# Copyright 2010-2019 IAR Systems AB.
#
#    Output file  =  C:\dev\MCU\STM8\SigAnalyzer\Debug\Exe\SigAnalyzer.out
#    Map file     =  C:\dev\MCU\STM8\SigAnalyzer\Debug\List\SigAnalyzer.map
#    Command line =  
#        -f C:\Users\ferna\AppData\Local\Temp\EWB02C.tmp
#        (C:\dev\MCU\STM8\SigAnalyzer\Debug\Obj\clocking.o
#        C:\dev\MCU\STM8\SigAnalyzer\Debug\Obj\gpio.o
#        C:\dev\MCU\STM8\SigAnalyzer\Debug\Obj\main.o
#        C:\dev\MCU\STM8\SigAnalyzer\Debug\Obj\parser.o
#        C:\dev\MCU\STM8\SigAnalyzer\Debug\Obj\pwm_generate.o
#        C:\dev\MCU\STM8\SigAnalyzer\Debug\Obj\pwm_measure.o
#        C:\dev\MCU\STM8\SigAnalyzer\Debug\Obj\sig_generate.o
#        C:\dev\MCU\STM8\SigAnalyzer\Debug\Obj\spi.o
#        C:\dev\MCU\STM8\SigAnalyzer\Debug\Obj\stm8s_clk.o
#        C:\dev\MCU\STM8\SigAnalyzer\Debug\Obj\stm8s_flash.o
#        C:\dev\MCU\STM8\SigAnalyzer\Debug\Obj\stm8s_gpio.o
#        C:\dev\MCU\STM8\SigAnalyzer\Debug\Obj\stm8s_it.o
#        C:\dev\MCU\STM8\SigAnalyzer\Debug\Obj\stm8s_itc.o
#        C:\dev\MCU\STM8\SigAnalyzer\Debug\Obj\stm8s_rst.o
#        C:\dev\MCU\STM8\SigAnalyzer\Debug\Obj\stm8s_spi.o
#        C:\dev\MCU\STM8\SigAnalyzer\Debug\Obj\stm8s_tim1.o
#        C:\dev\MCU\STM8\SigAnalyzer\Debug\Obj\stm8s_tim2.o
#        C:\dev\MCU\STM8\SigAnalyzer\Debug\Obj\stm8s_tim3.o
#        C:\dev\MCU\STM8\SigAnalyzer\Debug\Obj\stm8s_tim4.o
#        C:\dev\MCU\STM8\SigAnalyzer\Debug\Obj\stm8s_uart1.o
#        C:\dev\MCU\STM8\SigAnalyzer\Debug\Obj\timers.o
#        C:\dev\MCU\STM8\SigAnalyzer\Debug\Obj\uart.o --redirect
#        _Printf=_PrintfSmall --redirect _Scanf=_ScanfSmall --no_out_extension
#        -o C:\dev\MCU\STM8\SigAnalyzer\Debug\Exe\SigAnalyzer.out --map
#        C:\dev\MCU\STM8\SigAnalyzer\Debug\List\SigAnalyzer.map --config
#        "C:\Program Files (x86)\IAR Systems\Embedded Workbench
#        8.3\stm8\config\lnkstm8s103f3.icf" --config_def _CSTACK_SIZE=0x100
#        --config_def _HEAP_SIZE=0x100 --entry __iar_program_start --debug_lib)
#
###############################################################################

*******************************************************************************
*** RUNTIME MODEL ATTRIBUTES
***

__SystemLibrary            = DLib
__code_model               = small
__core                     = stm8
__data_model               = medium
__dlib_file_descriptor     = 0
__dlib_full_locale_support = 0
__rt_version               = 4


*******************************************************************************
*** PLACEMENT SUMMARY
***

"A0":  place at start of [0x000000-0x0000ff] { rw section .vregs };
"A1":  place at end of [0x000000-0x0003ff] { block CSTACK };
"P2":  place in [from 0x000000 to 0x0003ff] {
          block HEAP, rw section __DLIB_PERTHREAD, rw section .far.bss,
          rw section .far.data, rw section .far.noinit,
          rw section .far_func.textrw, rw section .huge.bss,
          rw section .huge.data, rw section .huge.noinit,
          rw section .huge_func.textrw, rw section .iar.dynexit,
          rw section .near.bss, rw section .near.data, rw section .near.noinit,
          rw section .near_func.textrw };
"A2":  place at start of [0x008000-0x009fff] { block INTVEC };
"P3":  place in [from 0x008000 to 0x009fff] {
          ro section __DLIB_PERTHREAD_init, ro section .far.data_init,
          ro section .far_func.textrw_init, ro section .huge.data_init,
          ro section .huge_func.textrw_init, ro section .iar.init_table,
          ro section .init_array, ro section .near.data_init,
          ro section .near.rodata, ro section .near_func.text,
          ro section .near_func.textrw_init, ro section .tiny.data_init,
          ro section .tiny.rodata_init };
"P4":  place in [from 0x008000 to 0x009fff] {
          ro section .far.rodata, ro section .far_func.text };
"P5":  place in [from 0x008000 to 0x009fff] {
          ro section .huge.rodata, ro section .huge_func.text };
do not initialize {
   rw section .eeprom.noinit, rw section .far.noinit, rw section .huge.noinit,
   rw section .near.noinit, rw section .tiny.noinit, rw section .vregs };
initialize by copy {
   rw section .far.bss, rw section .far.data, rw section .far_func.textrw,
   rw section .huge.bss, rw section .huge.data, rw section .huge_func.textrw,
   rw section .iar.dynexit, rw section .near.bss, rw section .near.data,
   rw section .near_func.textrw, rw section .tiny.bss, rw section .tiny.data,
   ro section .tiny.rodata };

No sections matched the following patterns:

  ro section .far.data_init          in "P3-P5"
  ro section .far.rodata             in "P3-P5"
  ro section .far_func.text          in "P3-P5"
  ro section .far_func.textrw_init   in "P3-P5"
  ro section .huge.data_init         in "P3-P5"
  ro section .huge.rodata            in "P3-P5"
  ro section .huge_func.text         in "P3-P5"
  ro section .huge_func.textrw_init  in "P3-P5"
  ro section .iar.init_table         in "P3-P5"
  ro section .init_array             in "P3-P5"
  ro section .near_func.textrw_init  in "P3-P5"
  ro section .tiny.data_init         in "P3-P5"
  ro section .tiny.rodata_init       in "P3-P5"
  ro section __DLIB_PERTHREAD_init   in "P3-P5"
  rw section .far.bss                in "P2"
  rw section .far.data               in "P2"
  rw section .far.noinit             in "P2"
  rw section .far_func.textrw        in "P2"
  rw section .huge.bss               in "P2"
  rw section .huge.data              in "P2"
  rw section .huge.noinit            in "P2"
  rw section .huge_func.textrw       in "P2"
  rw section .iar.dynexit            in "P2"
  rw section .near.noinit            in "P2"
  rw section .near_func.textrw       in "P2"
  rw section .tiny.bss               in "P1"
  rw section .tiny.data              in "P1"
  rw section .tiny.noinit            in "P1"
  rw section .tiny.rodata            in "P1"
  rw section __DLIB_PERTHREAD        in "P2"
  section .eeprom.data               in "P6-P8"
  section .eeprom.noinit             in "P6-P8"
  section .eeprom.rodata             in "P6-P8"


  Section            Kind      Address   Size  Object
  -------            ----      -------   ----  ------
"A0":                                     0xc
  .vregs             uninit   0x000000    0xc  vregs.o [4]
                            - 0x00000c    0xc

"P2":                                    0x36
  P2-1                        0x00000c   0x36  <Init block>
    .near.data       inited   0x00000c    0x1  parser.o [1]
    .near.data       inited   0x00000d   0x12  sig_generate.o [1]
    .near.data       inited   0x00001f    0x1  timers.o [1]
    .near.data       inited   0x000020    0x1  timers.o [1]
    .near.bss        inited   0x000021    0x1  main.o [1]
    .near.bss        inited   0x000022    0x2  main.o [1]
    .near.bss        inited   0x000024    0x2  main.o [1]
    .near.bss        inited   0x000026    0x2  main.o [1]
    .near.bss        inited   0x000028    0x1  main.o [1]
    .near.bss        inited   0x000029    0x1  main.o [1]
    .near.bss        inited   0x00002a    0x1  main.o [1]
    .near.bss        inited   0x00002b    0x3  parser.o [1]
    .near.bss        inited   0x00002e    0x1  parser.o [1]
    .near.bss        inited   0x00002f    0x2  pwm_measure.o [1]
    .near.bss        inited   0x000031    0x1  pwm_measure.o [1]
    .near.bss        inited   0x000032    0x2  pwm_measure.o [1]
    .near.bss        inited   0x000034    0x1  pwm_measure.o [1]
    .near.bss        inited   0x000035    0x2  pwm_measure.o [1]
    .near.bss        inited   0x000037    0x2  pwm_measure.o [1]
    .near.bss        inited   0x000039    0x2  pwm_measure.o [1]
    .near.bss        inited   0x00003b    0x1  sig_generate.o [1]
    .near.bss        inited   0x00003c    0x2  sig_generate.o [1]
    .near.bss        inited   0x00003e    0x2  timers.o [1]
    .near.bss        inited   0x000040    0x2  timers.o [1]
                            - 0x000042   0x36

"A1":                                   0x100
  CSTACK                      0x000300  0x100  <Block>
    CSTACK           uninit   0x000300  0x100  <Block tail>
                            - 0x000400  0x100

"A2":                                    0x80
  INTVEC                      0x008000   0x80  <Block>
    .intvec          const    0x008000   0x80  interrupt.o [4]
                            - 0x008080   0x80

"P3-P5":                                0xa62
  .near_func.text    ro code  0x008080  0x10e  stm8s_gpio.o [1]
  .near_func.text    ro code  0x00818e   0xfa  long.o [4]
  .near_func.text    ro code  0x008288   0xf1  timers.o [1]
  .near_func.text    ro code  0x008379   0xcf  timers.o [1]
  .near_func.text    ro code  0x008448   0xc0  main.o [1]
  .near_func.text    ro code  0x008508   0x90  vreg_util.o [4]
  .near_func.text    ro code  0x008598   0x72  parser.o [1]
  .near_func.text    ro code  0x00860a   0x71  gpio.o [1]
  .near_func.text    ro code  0x00867b   0x67  spi.o [1]
  .near_func.text    ro code  0x0086e2   0x63  pwm_measure.o [1]
  .near_func.text    ro code  0x008745   0x4d  timers.o [1]
  .near_func.text    ro code  0x008792   0x45  parser.o [1]
  .near_func.text    ro code  0x0087d7   0x3d  stm8s_clk.o [1]
  Initializer bytes  const    0x008814   0x36  <for P2-1>
  .near.rodata       const    0x00884a   0x35  stm8s_gpio.o [1]
  .near.rodata       const    0x00887f   0x34  stm8s_clk.o [1]
  .near_func.text    ro code  0x0088b3   0x2f  timers.o [1]
  .near_func.text    ro code  0x0088e2   0x2d  timers.o [1]
  .near_func.text    ro code  0x00890f   0x2a  timers.o [1]
  .near_func.text    ro code  0x008939   0x28  init_small.o [4]
  .iar.init_table    const    0x008961    0xa  - Linker created -
  .near_func.text    ro code  0x00896b   0x20  parser.o [1]
  .near_func.text    ro code  0x00898b   0x1e  short.o [4]
  .near_func.text    ro code  0x0089a9   0x1a  main.o [1]
  .near_func.text    ro code  0x0089c3   0x18  dc_util.o [4]
  .near_func.text    ro code  0x0089db   0x14  spi.o [1]
  .near_func.text    ro code  0x0089ef   0x14  init.o [4]
  .near_func.text    ro code  0x008a03   0x14  __dbg_xxexit.o [3]
  .near_func.text    ro code  0x008a17   0x13  cstartup.o [4]
  .near_func.text    ro code  0x008a2a   0x12  move.o [4]
  .near_func.text    ro code  0x008a3c   0x11  spi.o [1]
  .near_func.text    ro code  0x008a4d   0x11  spi.o [1]
  .near_func.text    ro code  0x008a5e    0xd  pwm_measure.o [1]
  .near_func.text    ro code  0x008a6b    0xc  long_util.o [4]
  .near_func.text    ro code  0x008a77    0xb  abs.o [4]
  .near_func.text    ro code  0x008a82    0xa  sig_generate.o [1]
  .near_func.text    ro code  0x008a8c    0x9  pwm_generate.o [1]
  .near_func.text    ro code  0x008a95    0x8  stm8s_gpio.o [1]
  .near_func.text    ro code  0x008a9d    0x7  stm8s_gpio.o [1]
  .near_func.text    ro code  0x008aa4    0x6  clocking.o [1]
  .near_func.text    ro code  0x008aaa    0x5  cexit.o [4]
  .near_func.text    ro code  0x008aaf    0x3  interrupt.o [4]
  .near_func.text    ro code  0x008ab2    0x3  low_level_init.o [4]
  .near_func.text    ro code  0x008ab5    0x3  exit.o [4]
  .near_func.text    ro code  0x008ab8    0x3  unhandled_exception.o [4]
  .near_func.text    ro code  0x008abb    0x2  main.o [1]
  .near_func.text    ro code  0x008abd    0x2  stm8s_it.o [1]
  .near_func.text    ro code  0x008abf    0x2  stm8s_it.o [1]
  .near_func.text    ro code  0x008ac1    0x2  stm8s_it.o [1]
  .near_func.text    ro code  0x008ac3    0x2  stm8s_it.o [1]
  .near_func.text    ro code  0x008ac5    0x2  stm8s_it.o [1]
  .near_func.text    ro code  0x008ac7    0x2  stm8s_it.o [1]
  .near_func.text    ro code  0x008ac9    0x2  stm8s_it.o [1]
  .near_func.text    ro code  0x008acb    0x2  stm8s_it.o [1]
  .near_func.text    ro code  0x008acd    0x2  stm8s_it.o [1]
  .near_func.text    ro code  0x008acf    0x2  stm8s_it.o [1]
  .near_func.text    ro code  0x008ad1    0x2  stm8s_it.o [1]
  .near_func.text    ro code  0x008ad3    0x2  stm8s_it.o [1]
  .near_func.text    ro code  0x008ad5    0x2  stm8s_it.o [1]
  .near_func.text    ro code  0x008ad7    0x2  stm8s_it.o [1]
  .near_func.text    ro code  0x008ad9    0x2  stm8s_it.o [1]
  .near_func.text    ro code  0x008adb    0x2  stm8s_it.o [1]
  .near_func.text    ro code  0x008add    0x2  stm8s_it.o [1]
  .near_func.text    ro code  0x008adf    0x2  stm8s_it.o [1]
  .near_func.text    ro code  0x008ae1    0x1  __dbg_break.o [3]
                            - 0x008ae2  0xa62


*******************************************************************************
*** INIT TABLE
***

          Address   Size
          -------   ----
Copy (__iar_copy_init2)
    1 source range, total size 0x36:
          0x008814  0x36
    1 destination range, total size 0x36:
          0x00000c  0x36



*******************************************************************************
*** MODULE SUMMARY
***

    Module                 ro code  ro data  rw data
    ------                 -------  -------  -------
C:\dev\MCU\STM8\SigAnalyzer\Debug\Obj: [1]
    clocking.o                   6
    gpio.o                     113
    main.o                     220       10       10
    parser.o                   215        5        5
    pwm_generate.o               9
    pwm_measure.o              112       12       12
    sig_generate.o              10       21       21
    spi.o                      157
    stm8s_clk.o                 61       52
    stm8s_gpio.o               285       53
    stm8s_it.o                  36
    timers.o                   659        6        6
    ------------------------------------------------
    Total:                   1 883      159       54

command line: [2]
    ------------------------------------------------
    Total:

dbgstm8smd.a: [3]
    __dbg_break.o                1
    __dbg_xxexit.o              20
    ------------------------------------------------
    Total:                      21

dlstm8smn.a: [4]
    abs.o                       11
    cexit.o                      5
    cstartup.o                  19
    dc_util.o                   24
    exit.o                       3
    init.o                      20
    init_small.o                40
    interrupt.o                  3      128
    long.o                     250
    long_util.o                 12
    low_level_init.o             3
    move.o                      18
    short.o                     30
    unhandled_exception.o        3
    vreg_util.o                144
    vregs.o                                       12
    ------------------------------------------------
    Total:                     585      128       12

    Linker created                       10      256
----------------------------------------------------
    Grand Total:             2 489      297      322


*******************************************************************************
*** ENTRY LIST
***

Entry                    Address   Size  Type      Object
-----                    -------   ----  ----      ------
.iar.init_table$$Base   0x008961          --   Gb  - Linker created -
.iar.init_table$$Limit  0x00896b          --   Gb  - Linker created -
?b0                     0x000000         Data  Gb  vregs.o [4]
?b1                     0x000001         Data  Gb  vregs.o [4]
?b10                    0x00000a         Data  Gb  vregs.o [4]
?b11                    0x00000b         Data  Gb  vregs.o [4]
?b2                     0x000002         Data  Gb  vregs.o [4]
?b3                     0x000003         Data  Gb  vregs.o [4]
?b4                     0x000004         Data  Gb  vregs.o [4]
?b5                     0x000005         Data  Gb  vregs.o [4]
?b6                     0x000006         Data  Gb  vregs.o [4]
?b7                     0x000007         Data  Gb  vregs.o [4]
?b8                     0x000008         Data  Gb  vregs.o [4]
?b9                     0x000009         Data  Gb  vregs.o [4]
?dc32_l1                0x0089c3         Code  Gb  dc_util.o [4]
?dc32_px                0x0089d0         Code  Gb  dc_util.o [4]
?e0                     0x000001         Data  Gb  vregs.o [4]
?e1                     0x000005         Data  Gb  vregs.o [4]
?e2                     0x000009         Data  Gb  vregs.o [4]
?epilogue_l2            0x008590         Code  Gb  vreg_util.o [4]
?epilogue_w4            0x008594         Code  Gb  vreg_util.o [4]
?l0                     0x000000         Data  Gb  vregs.o [4]
?l1                     0x000004         Data  Gb  vregs.o [4]
?l2                     0x000008         Data  Gb  vregs.o [4]
?load32_l1_0x           0x008a6b         Code  Gb  long_util.o [4]
?longfarg16_v_w0_a      0x008a2a         Code  Gb  move.o [4]
?longfarg16_v_w0_x      0x008a2c         Code  Gb  move.o [4]
?mul16_x_x_w0           0x00898b         Code  Gb  short.o [4]
?mul32_l0_l0_0x         0x008191         Code  Gb  long.o [4]
?mul32_l0_l0_dl         0x00818e         Code  Gb  long.o [4]
?mul32_l0_l0_l1         0x00819a         Code  Gb  long.o [4]
?pop_l0                 0x008567         Code  Gb  vreg_util.o [4]
?pop_l1                 0x008572         Code  Gb  vreg_util.o [4]
?pop_l2                 0x00857d         Code  Gb  vreg_util.o [4]
?pop_w1                 0x008525         Code  Gb  vreg_util.o [4]
?pop_w4                 0x00852c         Code  Gb  vreg_util.o [4]
?push_l0                0x00853b         Code  Gb  vreg_util.o [4]
?push_l1                0x008540         Code  Gb  vreg_util.o [4]
?push_l2                0x008545         Code  Gb  vreg_util.o [4]
?push_w1                0x008508         Code  Gb  vreg_util.o [4]
?push_w4                0x00850d         Code  Gb  vreg_util.o [4]
?udiv32_l0_l0_dl        0x008218         Code  Gb  long.o [4]
?udiv32_l0_l0_l1        0x00821b         Code  Gb  long.o [4]
?umod32_l1_l0_l1        0x00821b         Code  Gb  long.o [4]
?w0                     0x000000         Data  Gb  vregs.o [4]
?w1                     0x000002         Data  Gb  vregs.o [4]
?w2                     0x000004         Data  Gb  vregs.o [4]
?w3                     0x000006         Data  Gb  vregs.o [4]
?w4                     0x000008         Data  Gb  vregs.o [4]
?w5                     0x00000a         Data  Gb  vregs.o [4]
ADC1_IRQHandler         0x008add    0x2  Code  Gb  stm8s_it.o [1]
AWU_IRQHandler          0x008ac1    0x2  Code  Gb  stm8s_it.o [1]
CLK_HSIPrescalerConfig  0x0087d7   0x3d  Code  Gb  stm8s_clk.o [1]
CLK_IRQHandler          0x008ac3    0x2  Code  Gb  stm8s_it.o [1]
CSTACK$$Base            0x000300          --   Gb  - Linker created -
CSTACK$$Limit           0x000400          --   Gb  - Linker created -
EEPROM_EEC_IRQHandler   0x008adf    0x2  Code  Gb  stm8s_it.o [1]
EXTI_PORTA_IRQHandler   0x008ac5    0x2  Code  Gb  stm8s_it.o [1]
EXTI_PORTB_IRQHandler   0x008ac7    0x2  Code  Gb  stm8s_it.o [1]
EXTI_PORTC_IRQHandler   0x008ac9    0x2  Code  Gb  stm8s_it.o [1]
EXTI_PORTD_IRQHandler   0x008acb    0x2  Code  Gb  stm8s_it.o [1]
EXTI_PORTE_IRQHandler   0x008acd    0x2  Code  Gb  stm8s_it.o [1]
Edge                    0x00001f    0x1  Data  Gb  timers.o [1]
GPIO_Init               0x008080  0x10e  Code  Gb  stm8s_gpio.o [1]
GPIO_WriteHigh          0x008a9d    0x7  Code  Gb  stm8s_gpio.o [1]
GPIO_WriteLow           0x008a95    0x8  Code  Gb  stm8s_gpio.o [1]
I2C_IRQHandler          0x008adb    0x2  Code  Gb  stm8s_it.o [1]
INTVEC$$Base            0x008000          --   Gb  - Linker created -
INTVEC$$Limit           0x008080          --   Gb  - Linker created -
Region$$Table$$Base     0x008961          --   Gb  - Linker created -
Region$$Table$$Limit    0x00896b          --   Gb  - Linker created -
SPI_IRQHandler          0x008acf    0x2  Code  Gb  stm8s_it.o [1]
SystemInit              0x0089a9   0x1a  Code  Gb  main.o [1]
TIM1_CAP_COM_IRQHandler
                        0x008379   0xcf  Code  Gb  timers.o [1]
TIM1_UPD_OVF_TRG_BRK_IRQHandler
                        0x008ad1    0x2  Code  Gb  stm8s_it.o [1]
TIM2_CAP_COM_IRQHandler
                        0x008ad5    0x2  Code  Gb  stm8s_it.o [1]
TIM2_UPD_OVF_BRK_IRQHandler
                        0x008ad3    0x2  Code  Gb  stm8s_it.o [1]
TIM4_UPD_OVF_IRQHandler
                        0x008288   0xf1  Code  Gb  timers.o [1]
TLI_IRQHandler          0x008abf    0x2  Code  Gb  stm8s_it.o [1]
TRAP_IRQHandler         0x008abd    0x2  Code  Gb  stm8s_it.o [1]
UART1_RX_IRQHandler     0x008ad9    0x2  Code  Gb  stm8s_it.o [1]
UART1_TX_IRQHandler     0x008ad7    0x2  Code  Gb  stm8s_it.o [1]
_AD8400_set             0x0089db   0x14  Code  Gb  spi.o [1]
__DebugBreak            0x008ae1    0x1  Code  Gb  __dbg_break.o [3]
__exit                  0x008a03   0x14  Code  Gb  __dbg_xxexit.o [3]
__iar_copy_init2        0x008939         Code  Gb  init_small.o [4]
__iar_data_init2        0x0089ef   0x14  Code  Gb  init.o [4]
__iar_program_start     0x008a17         Code  Gb  cstartup.o [4]
__iar_unhandled_exception
                        0x008ab8         Code  Gb  unhandled_exception.o [4]
__intvec                0x008000         Data  Gb  interrupt.o [4]
__low_level_init        0x008ab2    0x3  Code  Gb  low_level_init.o [4]
_exit                   0x008aaa         Code  Gb  cexit.o [4]
_interrupt_1            0x008abd         Code  Gb  stm8s_it.o [1]
_interrupt_12           0x008acf         Code  Gb  stm8s_it.o [1]
_interrupt_13           0x008ad1         Code  Gb  stm8s_it.o [1]
_interrupt_14           0x008379         Code  Gb  timers.o [1]
_interrupt_15           0x008ad3         Code  Gb  stm8s_it.o [1]
_interrupt_16           0x008ad5         Code  Gb  stm8s_it.o [1]
_interrupt_19           0x008ad7         Code  Gb  stm8s_it.o [1]
_interrupt_2            0x008abf         Code  Gb  stm8s_it.o [1]
_interrupt_20           0x008ad9         Code  Gb  stm8s_it.o [1]
_interrupt_21           0x008adb         Code  Gb  stm8s_it.o [1]
_interrupt_24           0x008add         Code  Gb  stm8s_it.o [1]
_interrupt_25           0x008288         Code  Gb  timers.o [1]
_interrupt_26           0x008adf         Code  Gb  stm8s_it.o [1]
_interrupt_3            0x008ac1         Code  Gb  stm8s_it.o [1]
_interrupt_4            0x008ac3         Code  Gb  stm8s_it.o [1]
_interrupt_5            0x008ac5         Code  Gb  stm8s_it.o [1]
_interrupt_6            0x008ac7         Code  Gb  stm8s_it.o [1]
_interrupt_7            0x008ac9         Code  Gb  stm8s_it.o [1]
_interrupt_8            0x008acb         Code  Gb  stm8s_it.o [1]
_interrupt_9            0x008acd         Code  Gb  stm8s_it.o [1]
_spi_sendbyte           0x00867b   0x67  Code  Gb  spi.o [1]
_spi_start              0x008a3c   0x11  Code  Gb  spi.o [1]
_spi_stop               0x008a4d   0x11  Code  Gb  spi.o [1]
abs                     0x008a77    0xb  Code  Gb  abs.o [4]
assert_failed           0x008abb    0x2  Code  Gb  main.o [1]
bFirstStart             0x00002a    0x1  Data  Gb  main.o [1]
bGenFromTable           0x000029    0x1  Data  Gb  main.o [1]
bIsStart                0x008792   0x45  Code  Gb  parser.o [1]
bIsStop                 0x00896b   0x20  Code  Gb  parser.o [1]
bNewSample              0x00000c    0x1  Data  Gb  parser.o [1]
bStart                  0x000028    0x1  Data  Gb  main.o [1]
eGetParse               0x008598   0x72  Code  Gb  parser.o [1]
ePWM_Measure            0x0086e2   0x63  Code  Gb  pwm_measure.o [1]
exit                    0x008ab5    0x3  Code  Gb  exit.o [4]
index                   0x000020    0x1  Data  Gb  timers.o [1]
main                    0x008448   0xc0  Code  Gb  main.o [1]
sigGen                  0x00000d   0x12  Data  Gb  sig_generate.o [1]
u16CountSamples         0x000032    0x2  Data  Gb  pwm_measure.o [1]
u16PWMOnes              0x00002f    0x2  Data  Gb  pwm_measure.o [1]
u8PWMFill               0x000031    0x1  Data  Gb  pwm_measure.o [1]
u8PWMMeasured           0x000034    0x1  Data  Gb  pwm_measure.o [1]
ucCountValid            0x00002e    0x1  Data  Gb  parser.o [1]
ucCurrentIndexGen       0x00003b    0x1  Data  Gb  sig_generate.o [1]
ucPWM_Measure           0x000021    0x1  Data  Gb  main.o [1]
usClockUnStop           0x000024    0x2  Data  Gb  main.o [1]
usClockUncapture        0x000022    0x2  Data  Gb  main.o [1]
usCurrentIndexSample    0x00003c    0x2  Data  Gb  sig_generate.o [1]
usHighTime              0x000040    0x2  Data  Gb  timers.o [1]
usLowTime               0x00003e    0x2  Data  Gb  timers.o [1]
usPWMHighTime           0x000039    0x2  Data  Gb  pwm_measure.o [1]
usPWMLowTime            0x000037    0x2  Data  Gb  pwm_measure.o [1]
usSummaryTime           0x000035    0x2  Data  Gb  pwm_measure.o [1]
usSysTick               0x000026    0x2  Data  Gb  main.o [1]
vClearMeasure           0x008a5e    0xd  Code  Gb  pwm_measure.o [1]
vClock_Config           0x008aa4    0x6  Code  Gb  clocking.o [1]
vIncrementGenIndex      0x008a82    0xa  Code  Gb  sig_generate.o [1]
vSetPWM1                0x00890f   0x2a  Code  Gb  timers.o [1]
vTestOut_Config         0x00860a   0x71  Code  Gb  gpio.o [1]
vTim1_Config            0x0088e2   0x2d  Code  Gb  timers.o [1]
vTim2_Config            0x008745   0x4d  Code  Gb  timers.o [1]
vTim2_EnablePWM         0x008a8c    0x9  Code  Gb  pwm_generate.o [1]
vTim4_Config            0x0088b3   0x2f  Code  Gb  timers.o [1]
xNewSample              0x00002b    0x3  Data  Gb  parser.o [1]


[1] = C:\dev\MCU\STM8\SigAnalyzer\Debug\Obj
[2] = command line
[3] = dbgstm8smd.a
[4] = dlstm8smn.a

  2 489 bytes of readonly  code memory
    297 bytes of readonly  data memory
    322 bytes of readwrite data memory

Errors: none
Warnings: none
