###############################################################################
#
# IAR ELF Linker V3.11.1.207 for STM8                     12/Feb/2022  18:41:18
# Copyright 2010-2019 IAR Systems AB.
#
#    Output file  =  
#        C:\dev\STM8\SerialBootloader\SigAnalyzerSTM8\Debug\Exe\SigAnalyzer.out
#    Map file     =  
#        C:\dev\STM8\SerialBootloader\SigAnalyzerSTM8\Debug\List\SigAnalyzer.map
#    Command line =  
#        -f C:\Users\ferna\AppData\Local\Temp\EW594.tmp
#        (C:\dev\STM8\SerialBootloader\SigAnalyzerSTM8\Debug\Obj\clocking.o
#        C:\dev\STM8\SerialBootloader\SigAnalyzerSTM8\Debug\Obj\gpio.o
#        C:\dev\STM8\SerialBootloader\SigAnalyzerSTM8\Debug\Obj\main.o
#        C:\dev\STM8\SerialBootloader\SigAnalyzerSTM8\Debug\Obj\parser.o
#        C:\dev\STM8\SerialBootloader\SigAnalyzerSTM8\Debug\Obj\pwm_generate.o
#        C:\dev\STM8\SerialBootloader\SigAnalyzerSTM8\Debug\Obj\pwm_measure.o
#        C:\dev\STM8\SerialBootloader\SigAnalyzerSTM8\Debug\Obj\sig_generate.o
#        C:\dev\STM8\SerialBootloader\SigAnalyzerSTM8\Debug\Obj\spi.o
#        C:\dev\STM8\SerialBootloader\SigAnalyzerSTM8\Debug\Obj\stm8s_clk.o
#        C:\dev\STM8\SerialBootloader\SigAnalyzerSTM8\Debug\Obj\stm8s_flash.o
#        C:\dev\STM8\SerialBootloader\SigAnalyzerSTM8\Debug\Obj\stm8s_gpio.o
#        C:\dev\STM8\SerialBootloader\SigAnalyzerSTM8\Debug\Obj\stm8s_it.o
#        C:\dev\STM8\SerialBootloader\SigAnalyzerSTM8\Debug\Obj\stm8s_itc.o
#        C:\dev\STM8\SerialBootloader\SigAnalyzerSTM8\Debug\Obj\stm8s_rst.o
#        C:\dev\STM8\SerialBootloader\SigAnalyzerSTM8\Debug\Obj\stm8s_spi.o
#        C:\dev\STM8\SerialBootloader\SigAnalyzerSTM8\Debug\Obj\stm8s_tim1.o
#        C:\dev\STM8\SerialBootloader\SigAnalyzerSTM8\Debug\Obj\stm8s_tim2.o
#        C:\dev\STM8\SerialBootloader\SigAnalyzerSTM8\Debug\Obj\stm8s_tim3.o
#        C:\dev\STM8\SerialBootloader\SigAnalyzerSTM8\Debug\Obj\stm8s_tim4.o
#        C:\dev\STM8\SerialBootloader\SigAnalyzerSTM8\Debug\Obj\stm8s_uart1.o
#        C:\dev\STM8\SerialBootloader\SigAnalyzerSTM8\Debug\Obj\timers.o
#        C:\dev\STM8\SerialBootloader\SigAnalyzerSTM8\Debug\Obj\uart.o
#        --redirect _Printf=_PrintfSmall --redirect _Scanf=_ScanfSmall
#        --no_out_extension -o
#        C:\dev\STM8\SerialBootloader\SigAnalyzerSTM8\Debug\Exe\SigAnalyzer.out
#        --map
#        C:\dev\STM8\SerialBootloader\SigAnalyzerSTM8\Debug\List\SigAnalyzer.map
#        --config "C:\Program Files (x86)\IAR Systems\Embedded Workbench
#        8.3\stm8\config\lnkstm8s103f3.icf" --config_def _CSTACK_SIZE=0x100
#        --config_def _HEAP_SIZE=0x100 --entry __iar_program_start --debug_lib)
#
###############################################################################

*******************************************************************************
*** RUNTIME MODEL ATTRIBUTES
***

__SystemLibrary            = DLib
__code_model               = small
__core                     = stm8
__data_model               = medium
__dlib_file_descriptor     = 0
__dlib_full_locale_support = 0
__rt_version               = 4


*******************************************************************************
*** PLACEMENT SUMMARY
***

"A0":  place at start of [0x000000-0x0000ff] { rw section .vregs };
"A1":  place at end of [0x000000-0x0003ff] { block CSTACK };
"P2":  place in [from 0x000000 to 0x0003ff] {
          block HEAP, rw section __DLIB_PERTHREAD, rw section .far.bss,
          rw section .far.data, rw section .far.noinit,
          rw section .far_func.textrw, rw section .huge.bss,
          rw section .huge.data, rw section .huge.noinit,
          rw section .huge_func.textrw, rw section .iar.dynexit,
          rw section .near.bss, rw section .near.data, rw section .near.noinit,
          rw section .near_func.textrw };
"A2":  place at start of [0x008000-0x009fff] { block INTVEC };
"P3":  place in [from 0x008000 to 0x009fff] {
          ro section __DLIB_PERTHREAD_init, ro section .far.data_init,
          ro section .far_func.textrw_init, ro section .huge.data_init,
          ro section .huge_func.textrw_init, ro section .iar.init_table,
          ro section .init_array, ro section .near.data_init,
          ro section .near.rodata, ro section .near_func.text,
          ro section .near_func.textrw_init, ro section .tiny.data_init,
          ro section .tiny.rodata_init };
"P4":  place in [from 0x008000 to 0x009fff] {
          ro section .far.rodata, ro section .far_func.text };
"P5":  place in [from 0x008000 to 0x009fff] {
          ro section .huge.rodata, ro section .huge_func.text };
do not initialize {
   rw section .eeprom.noinit, rw section .far.noinit, rw section .huge.noinit,
   rw section .near.noinit, rw section .tiny.noinit, rw section .vregs };
initialize by copy {
   rw section .far.bss, rw section .far.data, rw section .far_func.textrw,
   rw section .huge.bss, rw section .huge.data, rw section .huge_func.textrw,
   rw section .iar.dynexit, rw section .near.bss, rw section .near.data,
   rw section .near_func.textrw, rw section .tiny.bss, rw section .tiny.data,
   ro section .tiny.rodata };

No sections matched the following patterns:

  ro section .far.data_init          in "P3-P5"
  ro section .far.rodata             in "P3-P5"
  ro section .far_func.text          in "P3-P5"
  ro section .far_func.textrw_init   in "P3-P5"
  ro section .huge.data_init         in "P3-P5"
  ro section .huge.rodata            in "P3-P5"
  ro section .huge_func.text         in "P3-P5"
  ro section .huge_func.textrw_init  in "P3-P5"
  ro section .iar.init_table         in "P3-P5"
  ro section .init_array             in "P3-P5"
  ro section .near_func.textrw_init  in "P3-P5"
  ro section .tiny.data_init         in "P3-P5"
  ro section .tiny.rodata_init       in "P3-P5"
  ro section __DLIB_PERTHREAD_init   in "P3-P5"
  rw section .far.bss                in "P2"
  rw section .far.data               in "P2"
  rw section .far.noinit             in "P2"
  rw section .far_func.textrw        in "P2"
  rw section .huge.bss               in "P2"
  rw section .huge.data              in "P2"
  rw section .huge.noinit            in "P2"
  rw section .huge_func.textrw       in "P2"
  rw section .iar.dynexit            in "P2"
  rw section .near.noinit            in "P2"
  rw section .near_func.textrw       in "P2"
  rw section .tiny.bss               in "P1"
  rw section .tiny.data              in "P1"
  rw section .tiny.noinit            in "P1"
  rw section .tiny.rodata            in "P1"
  rw section __DLIB_PERTHREAD        in "P2"
  section .eeprom.data               in "P6-P8"
  section .eeprom.noinit             in "P6-P8"
  section .eeprom.rodata             in "P6-P8"


  Section            Kind      Address   Size  Object
  -------            ----      -------   ----  ------
"A0":                                    0x10
  .vregs             uninit   0x000000   0x10  vregs.o [4]
                            - 0x000010   0x10

"P2", part 1 of 2:                       0x1b
  P2-1                        0x000010   0x1b  <Init block>
    .near.data       inited   0x000010    0x1  parser.o [1]
    .near.data       inited   0x000011   0x18  sig_generate.o [1]
    .near.data       inited   0x000029    0x1  timers.o [1]
    .near.data       inited   0x00002a    0x1  timers.o [1]
                            - 0x00002b   0x1b

"P2", part 2 of 2:                       0x26
  .near.bss          zero     0x00002b    0x3  parser.o [1]
  .near.bss          zero     0x00002e    0x2  main.o [1]
  .near.bss          zero     0x000030    0x2  main.o [1]
  .near.bss          zero     0x000032    0x2  main.o [1]
  .near.bss          zero     0x000034    0x2  pwm_measure.o [1]
  .near.bss          zero     0x000036    0x2  pwm_measure.o [1]
  .near.bss          zero     0x000038    0x2  pwm_measure.o [1]
  .near.bss          zero     0x00003a    0x2  pwm_measure.o [1]
  .near.bss          zero     0x00003c    0x2  pwm_measure.o [1]
  .near.bss          zero     0x00003e    0x2  sig_generate.o [1]
  .near.bss          zero     0x000040    0x2  timers.o [1]
  .near.bss          zero     0x000042    0x2  timers.o [1]
  .near.bss          zero     0x000044    0x2  timers.o [1]
  .near.bss          zero     0x000046    0x1  main.o [1]
  .near.bss          zero     0x000047    0x1  main.o [1]
  .near.bss          zero     0x000048    0x1  main.o [1]
  .near.bss          zero     0x000049    0x1  main.o [1]
  .near.bss          zero     0x00004a    0x1  main.o [1]
  .near.bss          zero     0x00004b    0x1  main.o [1]
  .near.bss          zero     0x00004c    0x1  main.o [1]
  .near.bss          zero     0x00004d    0x1  parser.o [1]
  .near.bss          zero     0x00004e    0x1  pwm_measure.o [1]
  .near.bss          zero     0x00004f    0x1  pwm_measure.o [1]
  .near.bss          zero     0x000050    0x1  sig_generate.o [1]
                            - 0x000051   0x26

"A1":                                   0x100
  CSTACK                      0x000300  0x100  <Block>
    CSTACK           uninit   0x000300  0x100  <Block tail>
                            - 0x000400  0x100

"A2":                                    0x80
  INTVEC                      0x008000   0x80  <Block>
    .intvec          const    0x008000   0x80  interrupt.o [4]
                            - 0x008080   0x80

"P3-P5":                                0xff7
  .near_func.text    ro code  0x008080  0x1eb  stm8s_uart1.o [1]
  .near_func.text    ro code  0x00826b  0x142  timers.o [1]
  .near_func.text    ro code  0x0083ad  0x13a  main.o [1]
  .near_func.text    ro code  0x0084e7  0x12b  long.o [4]
  .near_func.text    ro code  0x008612   0xd7  vreg_util.o [4]
  .near_func.text    ro code  0x0086e9   0xc9  stm8s_gpio.o [1]
  .near_func.text    ro code  0x0087b2   0xbd  timers.o [1]
  .near_func.text    ro code  0x00886f   0x7b  parser.o [1]
  .near_func.text    ro code  0x0088ea   0x71  gpio.o [1]
  .near_func.text    ro code  0x00895b   0x65  spi.o [1]
  .near_func.text    ro code  0x0089c0   0x5b  pwm_measure.o [1]
  .near_func.text    ro code  0x008a1b   0x52  stm8s_flash.o [1]
  .near_func.text    ro code  0x008a6d   0x51  timers.o [1]
  .near.rodata       const    0x008abe   0x47  stm8s_flash.o [1]
  .near.rodata       const    0x008b05   0x47  stm8s_uart1.o [1]
  .near_func.text    ro code  0x008b4c   0x47  long_util.o [4]
  .near.rodata       const    0x008b93   0x46  stm8s_gpio.o [1]
  .near.rodata       const    0x008bd9   0x45  stm8s_clk.o [1]
  .near_func.text    ro code  0x008c1e   0x3b  stm8s_clk.o [1]
  .near_func.text    ro code  0x008c59   0x38  parser.o [1]
  .near_func.text    ro code  0x008c91   0x37  stm8s_flash.o [1]
  .near_func.text    ro code  0x008cc8   0x35  stm8s_clk.o [1]
  .near_func.text    ro code  0x008cfd   0x2d  timers.o [1]
  .near_func.text    ro code  0x008d2a   0x2d  timers.o [1]
  .near_func.text    ro code  0x008d57   0x2c  main.o [1]
  .near_func.text    ro code  0x008d83   0x28  init_small.o [4]
  .near_func.text    ro code  0x008dab   0x27  stm8s_flash.o [1]
  .near_func.text    ro code  0x008dd2   0x25  dc_util.o [4]
  .near_func.text    ro code  0x008df7   0x23  short.o [4]
  .near_func.text    ro code  0x008e1a   0x22  uart.o [1]
  .iar.init_table    const    0x008e3c   0x12  - Linker created -
  .near_func.text    ro code  0x008e4e   0x20  timers.o [1]
  .near_func.text    ro code  0x008e6e   0x1e  main.o [1]
  .near_func.text    ro code  0x008e8c   0x1e  init_small.o [4]
  Initializer bytes  const    0x008eaa   0x1b  <for P2-1>
  .near_func.text    ro code  0x008ec5   0x18  stm8s_flash.o [1]
  .near_func.text    ro code  0x008edd   0x17  stm8s_flash.o [1]
  .near_func.text    ro code  0x008ef4   0x15  main.o [1]
  .near_func.text    ro code  0x008f09   0x14  spi.o [1]
  .near_func.text    ro code  0x008f1d   0x14  init.o [4]
  .near_func.text    ro code  0x008f31   0x14  __dbg_xxexit.o [3]
  .near_func.text    ro code  0x008f45   0x13  cstartup.o [4]
  .near_func.text    ro code  0x008f58   0x12  parser.o [1]
  .near_func.text    ro code  0x008f6a   0x12  move.o [4]
  .near_func.text    ro code  0x008f7c   0x11  main.o [1]
  .near_func.text    ro code  0x008f8d   0x11  stm8s_it.o [1]
  .near_func.text    ro code  0x008f9e   0x10  spi.o [1]
  .near_func.text    ro code  0x008fae   0x10  spi.o [1]
  .near_func.text    ro code  0x008fbe    0xd  stm8s_uart1.o [1]
  .near.rodata       const    0x008fcb    0xb  main.o [1]
  .near_func.text    ro code  0x008fd6    0xb  parser.o [1]
  .near_func.text    ro code  0x008fe1    0xb  pwm_measure.o [1]
  .near_func.text    ro code  0x008fec    0xb  abs.o [4]
  .near_func.text    ro code  0x008ff7    0x9  pwm_generate.o [1]
  .near_func.text    ro code  0x009000    0x9  sig_generate.o [1]
  .near_func.text    ro code  0x009009    0x9  timers.o [1]
  .near.rodata       const    0x009012    0x8  main.o [1]
  .near.rodata       const    0x00901a    0x7  main.o [1]
  .near_func.text    ro code  0x009021    0x7  stm8s_gpio.o [1]
  .near.rodata       const    0x009028    0x6  main.o [1]
  .near.rodata       const    0x00902e    0x6  main.o [1]
  .near_func.text    ro code  0x009034    0x5  clocking.o [1]
  .near_func.text    ro code  0x009039    0x5  cexit.o [4]
  .near.rodata       const    0x00903e    0x4  stm8s_clk.o [1]
  .near_func.text    ro code  0x009042    0x4  stm8s_gpio.o [1]
  .near_func.text    ro code  0x009046    0x3  interrupt.o [4]
  .near_func.text    ro code  0x009049    0x3  low_level_init.o [4]
  .near_func.text    ro code  0x00904c    0x3  exit.o [4]
  .near_func.text    ro code  0x00904f    0x3  unhandled_exception.o [4]
  .near_func.text    ro code  0x009052    0x2  main.o [1]
  .near_func.text    ro code  0x009054    0x2  stm8s_it.o [1]
  .near_func.text    ro code  0x009056    0x2  stm8s_it.o [1]
  .near_func.text    ro code  0x009058    0x2  stm8s_it.o [1]
  .near_func.text    ro code  0x00905a    0x2  stm8s_it.o [1]
  .near_func.text    ro code  0x00905c    0x2  stm8s_it.o [1]
  .near_func.text    ro code  0x00905e    0x2  stm8s_it.o [1]
  .near_func.text    ro code  0x009060    0x2  stm8s_it.o [1]
  .near_func.text    ro code  0x009062    0x2  stm8s_it.o [1]
  .near_func.text    ro code  0x009064    0x2  stm8s_it.o [1]
  .near_func.text    ro code  0x009066    0x2  stm8s_it.o [1]
  .near_func.text    ro code  0x009068    0x2  stm8s_it.o [1]
  .near_func.text    ro code  0x00906a    0x2  stm8s_it.o [1]
  .near_func.text    ro code  0x00906c    0x2  stm8s_it.o [1]
  .near_func.text    ro code  0x00906e    0x2  stm8s_it.o [1]
  .near_func.text    ro code  0x009070    0x2  stm8s_it.o [1]
  .near_func.text    ro code  0x009072    0x2  stm8s_it.o [1]
  .near_func.text    ro code  0x009074    0x2  stm8s_it.o [1]
  .near_func.text    ro code  0x009076    0x1  __dbg_break.o [3]
                            - 0x009077  0xff7


*******************************************************************************
*** INIT TABLE
***

          Address   Size
          -------   ----
Zero (__iar_zero_init2)
    1 destination range, total size 0x26:
          0x00002b  0x26

Copy (__iar_copy_init2)
    1 source range, total size 0x1b:
          0x008eaa  0x1b
    1 destination range, total size 0x1b:
          0x000010  0x1b



*******************************************************************************
*** MODULE SUMMARY
***

    Module                 ro code  ro data  rw data
    ------                 -------  -------  -------
C:\dev\STM8\SerialBootloader\SigAnalyzerSTM8\Debug\Obj: [1]
    clocking.o                   5
    gpio.o                     113
    main.o                     428       38       13
    parser.o                   208        1        5
    pwm_generate.o               9
    pwm_measure.o              102                12
    sig_generate.o               9       24       27
    spi.o                      153
    stm8s_clk.o                112       73
    stm8s_flash.o              223       71
    stm8s_gpio.o               212       70
    stm8s_it.o                  51
    stm8s_uart1.o              504       71
    timers.o                   723        2        8
    uart.o                      34
    ------------------------------------------------
    Total:                   2 886      350       65

command line: [2]
    ------------------------------------------------
    Total:

dbgstm8smd.a: [3]
    __dbg_break.o                1
    __dbg_xxexit.o              20
    ------------------------------------------------
    Total:                      21

dlstm8smn.a: [4]
    abs.o                       11
    cexit.o                      5
    cstartup.o                  19
    dc_util.o                   37
    exit.o                       3
    init.o                      20
    init_small.o                70
    interrupt.o                  3      128
    long.o                     299
    long_util.o                 71
    low_level_init.o             3
    move.o                      18
    short.o                     35
    unhandled_exception.o        3
    vreg_util.o                215
    vregs.o                                       16
    ------------------------------------------------
    Total:                     812      128       16

    Linker created                       18      256
----------------------------------------------------
    Grand Total:             3 719      496      337


*******************************************************************************
*** ENTRY LIST
***

Entry                    Address   Size  Type      Object
-----                    -------   ----  ----      ------
.iar.init_table$$Base   0x008e3c          --   Gb  - Linker created -
.iar.init_table$$Limit  0x008e4e          --   Gb  - Linker created -
?b0                     0x000000         Data  Gb  vregs.o [4]
?b1                     0x000001         Data  Gb  vregs.o [4]
?b10                    0x00000a         Data  Gb  vregs.o [4]
?b11                    0x00000b         Data  Gb  vregs.o [4]
?b12                    0x00000c         Data  Gb  vregs.o [4]
?b13                    0x00000d         Data  Gb  vregs.o [4]
?b14                    0x00000e         Data  Gb  vregs.o [4]
?b15                    0x00000f         Data  Gb  vregs.o [4]
?b2                     0x000002         Data  Gb  vregs.o [4]
?b3                     0x000003         Data  Gb  vregs.o [4]
?b4                     0x000004         Data  Gb  vregs.o [4]
?b5                     0x000005         Data  Gb  vregs.o [4]
?b6                     0x000006         Data  Gb  vregs.o [4]
?b7                     0x000007         Data  Gb  vregs.o [4]
?b8                     0x000008         Data  Gb  vregs.o [4]
?b9                     0x000009         Data  Gb  vregs.o [4]
?dc32_l0                0x008dd2         Code  Gb  dc_util.o [4]
?dc32_l1                0x008ddf         Code  Gb  dc_util.o [4]
?dc32_px                0x008dec         Code  Gb  dc_util.o [4]
?e0                     0x000001         Data  Gb  vregs.o [4]
?e1                     0x000005         Data  Gb  vregs.o [4]
?e2                     0x000009         Data  Gb  vregs.o [4]
?e3                     0x00000d         Data  Gb  vregs.o [4]
?epilogue_l2            0x0086ad         Code  Gb  vreg_util.o [4]
?epilogue_l2_l3         0x0086aa         Code  Gb  vreg_util.o [4]
?epilogue_w4            0x0086b1         Code  Gb  vreg_util.o [4]
?l0                     0x000000         Data  Gb  vregs.o [4]
?l1                     0x000004         Data  Gb  vregs.o [4]
?l2                     0x000008         Data  Gb  vregs.o [4]
?l3                     0x00000c         Data  Gb  vregs.o [4]
?load32_0x_l0           0x008b85         Code  Gb  long_util.o [4]
?load32_asp_l0          0x008b79         Code  Gb  long_util.o [4]
?load32_dbsp_l0         0x008b74         Code  Gb  long_util.o [4]
?load32_l0_0x           0x008b5c         Code  Gb  long_util.o [4]
?load32_l0_asp          0x008b51         Code  Gb  long_util.o [4]
?load32_l0_dbsp         0x008b4c         Code  Gb  long_util.o [4]
?load32_l0_xsp          0x008b53         Code  Gb  long_util.o [4]
?load32_l1_0x           0x008b68         Code  Gb  long_util.o [4]
?load32_xsp_l0          0x008b7b         Code  Gb  long_util.o [4]
?longfarg16_v_w0_a      0x008f6a         Code  Gb  move.o [4]
?longfarg16_v_w0_x      0x008f6c         Code  Gb  move.o [4]
?mov_e0_e2              0x0086b8         Code  Gb  vreg_util.o [4]
?mov_e1_e0              0x0086c5         Code  Gb  vreg_util.o [4]
?mov_e1_e2              0x0086d2         Code  Gb  vreg_util.o [4]
?mov_e2_e0              0x0086df         Code  Gb  vreg_util.o [4]
?mov_l0_l2              0x0086b5         Code  Gb  vreg_util.o [4]
?mov_l1_l0              0x0086c2         Code  Gb  vreg_util.o [4]
?mov_l1_l2              0x0086cf         Code  Gb  vreg_util.o [4]
?mov_l2_l0              0x0086dc         Code  Gb  vreg_util.o [4]
?mov_w1_w5              0x0086bb         Code  Gb  vreg_util.o [4]
?mov_w3_w1              0x0086c8         Code  Gb  vreg_util.o [4]
?mov_w3_w5              0x0086d5         Code  Gb  vreg_util.o [4]
?mov_w5_w1              0x0086e2         Code  Gb  vreg_util.o [4]
?mul16_x_x_w0           0x008df7         Code  Gb  short.o [4]
?mul32_l0_l0_0x         0x008505         Code  Gb  long.o [4]
?mul32_l0_l0_dl         0x008502         Code  Gb  long.o [4]
?mul32_l0_l0_l1         0x00850e         Code  Gb  long.o [4]
?pop_l0                 0x008676         Code  Gb  vreg_util.o [4]
?pop_l1                 0x008681         Code  Gb  vreg_util.o [4]
?pop_l2                 0x00868c         Code  Gb  vreg_util.o [4]
?pop_l3                 0x008697         Code  Gb  vreg_util.o [4]
?pop_w0                 0x00862f         Code  Gb  vreg_util.o [4]
?pop_w4                 0x008636         Code  Gb  vreg_util.o [4]
?push_l0                0x008645         Code  Gb  vreg_util.o [4]
?push_l1                0x00864a         Code  Gb  vreg_util.o [4]
?push_l2                0x00864f         Code  Gb  vreg_util.o [4]
?push_l3                0x008654         Code  Gb  vreg_util.o [4]
?push_w0                0x008612         Code  Gb  vreg_util.o [4]
?push_w4                0x008617         Code  Gb  vreg_util.o [4]
?sll32_0x_0x_a          0x008604         Code  Gb  long.o [4]
?sll32_l0_l0_a          0x008601         Code  Gb  long.o [4]
?srl16_x_x_4            0x008e15         Code  Gb  short.o [4]
?sub32_l0_l0_0x         0x0084ea         Code  Gb  long.o [4]
?sub32_l0_l0_l1         0x0084e7         Code  Gb  long.o [4]
?udiv32_l0_dl_l1        0x00858c         Code  Gb  long.o [4]
?udiv32_l0_l0_dl        0x008591         Code  Gb  long.o [4]
?udiv32_l0_l0_l1        0x008594         Code  Gb  long.o [4]
?umod32_l1_l0_l1        0x008594         Code  Gb  long.o [4]
?w0                     0x000000         Data  Gb  vregs.o [4]
?w1                     0x000002         Data  Gb  vregs.o [4]
?w2                     0x000004         Data  Gb  vregs.o [4]
?w3                     0x000006         Data  Gb  vregs.o [4]
?w4                     0x000008         Data  Gb  vregs.o [4]
?w5                     0x00000a         Data  Gb  vregs.o [4]
?w6                     0x00000c         Data  Gb  vregs.o [4]
?w7                     0x00000e         Data  Gb  vregs.o [4]
ADC1_IRQHandler         0x009072    0x2  Code  Gb  stm8s_it.o [1]
AWU_IRQHandler          0x009056    0x2  Code  Gb  stm8s_it.o [1]
CLK_GetClockFreq        0x008c1e   0x3b  Code  Gb  stm8s_clk.o [1]
CLK_HSIPrescalerConfig  0x008cc8   0x35  Code  Gb  stm8s_clk.o [1]
CLK_IRQHandler          0x009058    0x2  Code  Gb  stm8s_it.o [1]
CSTACK$$Base            0x000300          --   Gb  - Linker created -
CSTACK$$Limit           0x000400          --   Gb  - Linker created -
EEPROM_EEC_IRQHandler   0x009074    0x2  Code  Gb  stm8s_it.o [1]
EXTI_PORTA_IRQHandler   0x00905a    0x2  Code  Gb  stm8s_it.o [1]
EXTI_PORTB_IRQHandler   0x00905c    0x2  Code  Gb  stm8s_it.o [1]
EXTI_PORTC_IRQHandler   0x00905e    0x2  Code  Gb  stm8s_it.o [1]
EXTI_PORTD_IRQHandler   0x009060    0x2  Code  Gb  stm8s_it.o [1]
EXTI_PORTE_IRQHandler   0x009062    0x2  Code  Gb  stm8s_it.o [1]
Edge                    0x000029    0x1  Data  Gb  timers.o [1]
FLASH_DeInit            0x008ec5   0x18  Code  Gb  stm8s_flash.o [1]
FLASH_Lock              0x008dab   0x27  Code  Gb  stm8s_flash.o [1]
FLASH_ProgramOptionByte
                        0x008a1b   0x52  Code  Gb  stm8s_flash.o [1]
FLASH_Unlock            0x008c91   0x37  Code  Gb  stm8s_flash.o [1]
FLASH_WaitForLastOperation
                        0x008edd   0x17  Code  Gb  stm8s_flash.o [1]
GPIO_Init               0x0086e9   0xc9  Code  Gb  stm8s_gpio.o [1]
GPIO_WriteHigh          0x009021    0x7  Code  Gb  stm8s_gpio.o [1]
GPIO_WriteLow           0x009042    0x4  Code  Gb  stm8s_gpio.o [1]
HSIDivFactor            0x00903e    0x4  Data  Gb  stm8s_clk.o [1]
I2C_IRQHandler          0x009070    0x2  Code  Gb  stm8s_it.o [1]
INTVEC$$Base            0x008000          --   Gb  - Linker created -
INTVEC$$Limit           0x008080          --   Gb  - Linker created -
IsAction                0x00004b    0x1  Data  Gb  main.o [1]
Region$$Table$$Base     0x008e3c          --   Gb  - Linker created -
Region$$Table$$Limit    0x008e4e          --   Gb  - Linker created -
SPI_IRQHandler          0x009064    0x2  Code  Gb  stm8s_it.o [1]
SystemInit              0x008d57   0x2c  Code  Gb  main.o [1]
TIM1_CAP_COM_IRQHandler
                        0x0087b2   0xbd  Code  Gb  timers.o [1]
TIM1_UPD_OVF_TRG_BRK_IRQHandler
                        0x009066    0x2  Code  Gb  stm8s_it.o [1]
TIM2_CAP_COM_IRQHandler
                        0x00906a    0x2  Code  Gb  stm8s_it.o [1]
TIM2_UPD_OVF_BRK_IRQHandler
                        0x009068    0x2  Code  Gb  stm8s_it.o [1]
TIM4_UPD_OVF_IRQHandler
                        0x00826b  0x142  Code  Gb  timers.o [1]
TLI_IRQHandler          0x009054    0x2  Code  Gb  stm8s_it.o [1]
TRAP_IRQHandler         0x008f8d   0x11  Code  Gb  stm8s_it.o [1]
UART1_Cmd               0x008fbe    0xd  Code  Gb  stm8s_uart1.o [1]
UART1_Init              0x008080  0x1eb  Code  Gb  stm8s_uart1.o [1]
UART1_RX_IRQHandler     0x00906e    0x2  Code  Gb  stm8s_it.o [1]
UART1_TX_IRQHandler     0x00906c    0x2  Code  Gb  stm8s_it.o [1]
_AD8400_set             0x008f09   0x14  Code  Gb  spi.o [1]
__DebugBreak            0x009076    0x1  Code  Gb  __dbg_break.o [3]
__exit                  0x008f31   0x14  Code  Gb  __dbg_xxexit.o [3]
__iar_copy_init2        0x008d83         Code  Gb  init_small.o [4]
__iar_data_init2        0x008f1d   0x14  Code  Gb  init.o [4]
__iar_program_start     0x008f45         Code  Gb  cstartup.o [4]
__iar_unhandled_exception
                        0x00904f         Code  Gb  unhandled_exception.o [4]
__iar_zero_init2        0x008e8c         Code  Gb  init_small.o [4]
__intvec                0x008000         Data  Gb  interrupt.o [4]
__low_level_init        0x009049    0x3  Code  Gb  low_level_init.o [4]
_exit                   0x009039         Code  Gb  cexit.o [4]
_interrupt_1            0x008f8d         Code  Gb  stm8s_it.o [1]
_interrupt_12           0x009064         Code  Gb  stm8s_it.o [1]
_interrupt_13           0x009066         Code  Gb  stm8s_it.o [1]
_interrupt_14           0x0087b2         Code  Gb  timers.o [1]
_interrupt_15           0x009068         Code  Gb  stm8s_it.o [1]
_interrupt_16           0x00906a         Code  Gb  stm8s_it.o [1]
_interrupt_19           0x00906c         Code  Gb  stm8s_it.o [1]
_interrupt_2            0x009054         Code  Gb  stm8s_it.o [1]
_interrupt_20           0x00906e         Code  Gb  stm8s_it.o [1]
_interrupt_21           0x009070         Code  Gb  stm8s_it.o [1]
_interrupt_24           0x009072         Code  Gb  stm8s_it.o [1]
_interrupt_25           0x00826b         Code  Gb  timers.o [1]
_interrupt_26           0x009074         Code  Gb  stm8s_it.o [1]
_interrupt_3            0x009056         Code  Gb  stm8s_it.o [1]
_interrupt_4            0x009058         Code  Gb  stm8s_it.o [1]
_interrupt_5            0x00905a         Code  Gb  stm8s_it.o [1]
_interrupt_6            0x00905c         Code  Gb  stm8s_it.o [1]
_interrupt_7            0x00905e         Code  Gb  stm8s_it.o [1]
_interrupt_8            0x009060         Code  Gb  stm8s_it.o [1]
_interrupt_9            0x009062         Code  Gb  stm8s_it.o [1]
_spi_sendbyte           0x00895b   0x65  Code  Gb  spi.o [1]
_spi_start              0x008f9e   0x10  Code  Gb  spi.o [1]
_spi_stop               0x008fae   0x10  Code  Gb  spi.o [1]
abs                     0x008fec    0xb  Code  Gb  abs.o [4]
assert_failed           0x009052    0x2  Code  Gb  main.o [1]
bFirstStart             0x000049    0x1  Data  Gb  main.o [1]
bGenFromTable           0x000048    0x1  Data  Gb  main.o [1]
bIsPWM                  0x008fd6    0xb  Code  Gb  parser.o [1]
bIsStart                0x008c59   0x38  Code  Gb  parser.o [1]
bIsStop                 0x008f58   0x12  Code  Gb  parser.o [1]
bNewSample              0x000010    0x1  Data  Gb  parser.o [1]
bStart                  0x000047    0x1  Data  Gb  main.o [1]
countPWM                0x00004a    0x1  Data  Lc  main.o [1]
eGetParse               0x00886f   0x7b  Code  Gb  parser.o [1]
ePWM_Measure            0x0089c0   0x5b  Code  Gb  pwm_measure.o [1]
exit                    0x00904c    0x3  Code  Gb  exit.o [4]
index                   0x00002a    0x1  Data  Gb  timers.o [1]
main                    0x0083ad  0x13a  Code  Gb  main.o [1]
print                   0x008e6e   0x1e  Code  Lc  main.o [1]
send                    0x008f7c   0x11  Code  Lc  main.o [1]
sigGen                  0x000011   0x18  Data  Gb  sig_generate.o [1]
u16CountSamples         0x000036    0x2  Data  Gb  pwm_measure.o [1]
u16PWMOnes              0x000034    0x2  Data  Gb  pwm_measure.o [1]
u8CountBlinkAction      0x00004c    0x1  Data  Gb  main.o [1]
u8PWMFill               0x00004e    0x1  Data  Gb  pwm_measure.o [1]
u8PWMMeasured           0x00004f    0x1  Data  Gb  pwm_measure.o [1]
u8PartIndexInc          0x000044    0x2  Data  Gb  timers.o [1]
ucCountValid            0x00004d    0x1  Data  Gb  parser.o [1]
ucCurrentIndexGen       0x000050    0x1  Data  Gb  sig_generate.o [1]
ucPWM_Measure           0x000046    0x1  Data  Gb  main.o [1]
usClockUnStop           0x000030    0x2  Data  Gb  main.o [1]
usClockUncapture        0x00002e    0x2  Data  Gb  main.o [1]
usCurrentIndexSample    0x00003e    0x2  Data  Gb  sig_generate.o [1]
usHighTime              0x000042    0x2  Data  Gb  timers.o [1]
usLowTime               0x000040    0x2  Data  Gb  timers.o [1]
usPWMHighTime           0x00003c    0x2  Data  Gb  pwm_measure.o [1]
usPWMLowTime            0x00003a    0x2  Data  Gb  pwm_measure.o [1]
usSummaryTime           0x000038    0x2  Data  Gb  pwm_measure.o [1]
usSysTick               0x000032    0x2  Data  Gb  main.o [1]
vClearMeasure           0x008fe1    0xb  Code  Gb  pwm_measure.o [1]
vClock_Config           0x009034    0x5  Code  Gb  clocking.o [1]
vConfigOptionBytes      0x008ef4   0x15  Code  Gb  main.o [1]
vIncrementGenIndex      0x009000    0x9  Code  Gb  sig_generate.o [1]
vSetPWM1                0x008e4e   0x20  Code  Gb  timers.o [1]
vSetPWM2                0x009009    0x9  Code  Gb  timers.o [1]
vTestOut_Config         0x0088ea   0x71  Code  Gb  gpio.o [1]
vTim1_Config            0x008cfd   0x2d  Code  Gb  timers.o [1]
vTim2_Config            0x008a6d   0x51  Code  Gb  timers.o [1]
vTim2_EnablePWM         0x008ff7    0x9  Code  Gb  pwm_generate.o [1]
vTim4_Config            0x008d2a   0x2d  Code  Gb  timers.o [1]
vUart_Config            0x008e1a   0x22  Code  Gb  uart.o [1]
xNewSample              0x00002b    0x3  Data  Gb  parser.o [1]


[1] = C:\dev\STM8\SerialBootloader\SigAnalyzerSTM8\Debug\Obj
[2] = command line
[3] = dbgstm8smd.a
[4] = dlstm8smn.a

  3 719 bytes of readonly  code memory
    496 bytes of readonly  data memory
    337 bytes of readwrite data memory

Errors: none
Warnings: none
