###############################################################################
#
# IAR ELF Linker V3.11.1.207 for STM8                     03/Aug/2021  18:39:13
# Copyright 2010-2019 IAR Systems AB.
#
#    Output file  =  
#        C:\dev\MCU\STM8\SigAnalyzer\Debug\Exe\SPL_STM8S_template.out
#    Map file     =  
#        C:\dev\MCU\STM8\SigAnalyzer\Debug\List\SPL_STM8S_template.map
#    Command line =  
#        -f C:\Users\ferna\AppData\Local\Temp\EWA4B9.tmp
#        (C:\dev\MCU\STM8\SigAnalyzer\Debug\Obj\clocking.o
#        C:\dev\MCU\STM8\SigAnalyzer\Debug\Obj\gpio.o
#        C:\dev\MCU\STM8\SigAnalyzer\Debug\Obj\main.o
#        C:\dev\MCU\STM8\SigAnalyzer\Debug\Obj\parser.o
#        C:\dev\MCU\STM8\SigAnalyzer\Debug\Obj\pwm_generate.o
#        C:\dev\MCU\STM8\SigAnalyzer\Debug\Obj\pwm_measure.o
#        C:\dev\MCU\STM8\SigAnalyzer\Debug\Obj\sig_generate.o
#        C:\dev\MCU\STM8\SigAnalyzer\Debug\Obj\stm8s_clk.o
#        C:\dev\MCU\STM8\SigAnalyzer\Debug\Obj\stm8s_flash.o
#        C:\dev\MCU\STM8\SigAnalyzer\Debug\Obj\stm8s_gpio.o
#        C:\dev\MCU\STM8\SigAnalyzer\Debug\Obj\stm8s_it.o
#        C:\dev\MCU\STM8\SigAnalyzer\Debug\Obj\stm8s_itc.o
#        C:\dev\MCU\STM8\SigAnalyzer\Debug\Obj\stm8s_rst.o
#        C:\dev\MCU\STM8\SigAnalyzer\Debug\Obj\stm8s_spi.o
#        C:\dev\MCU\STM8\SigAnalyzer\Debug\Obj\stm8s_tim1.o
#        C:\dev\MCU\STM8\SigAnalyzer\Debug\Obj\stm8s_tim2.o
#        C:\dev\MCU\STM8\SigAnalyzer\Debug\Obj\stm8s_tim3.o
#        C:\dev\MCU\STM8\SigAnalyzer\Debug\Obj\stm8s_tim4.o
#        C:\dev\MCU\STM8\SigAnalyzer\Debug\Obj\stm8s_uart1.o
#        C:\dev\MCU\STM8\SigAnalyzer\Debug\Obj\timers.o
#        C:\dev\MCU\STM8\SigAnalyzer\Debug\Obj\uart.o --redirect
#        _Printf=_PrintfSmall --redirect _Scanf=_ScanfSmall --no_out_extension
#        -o C:\dev\MCU\STM8\SigAnalyzer\Debug\Exe\SPL_STM8S_template.out --map
#        C:\dev\MCU\STM8\SigAnalyzer\Debug\List\SPL_STM8S_template.map --log
#        libraries,initialization,modules,redirects,sections,unused_fragments
#        --log_file
#        C:\dev\MCU\STM8\SigAnalyzer\Debug\List\SPL_STM8S_template.log --config
#        "C:\Program Files (x86)\IAR Systems\Embedded Workbench
#        8.3\stm8\config\lnkstm8s103f3.icf" --config_def _CSTACK_SIZE=0x100
#        --config_def _HEAP_SIZE=0x100 --entry __iar_program_start --debug_lib)
#
###############################################################################

*******************************************************************************
*** RUNTIME MODEL ATTRIBUTES
***

__SystemLibrary            = DLib
__code_model               = small
__core                     = stm8
__data_model               = medium
__dlib_file_descriptor     = 0
__dlib_full_locale_support = 0
__rt_version               = 4


*******************************************************************************
*** PLACEMENT SUMMARY
***

"A0":  place at start of [0x000000-0x0000ff] { rw section .vregs };
"A1":  place at end of [0x000000-0x0003ff] { block CSTACK };
"P2":  place in [from 0x000000 to 0x0003ff] {
          block HEAP, rw section __DLIB_PERTHREAD, rw section .far.bss,
          rw section .far.data, rw section .far.noinit,
          rw section .far_func.textrw, rw section .huge.bss,
          rw section .huge.data, rw section .huge.noinit,
          rw section .huge_func.textrw, rw section .iar.dynexit,
          rw section .near.bss, rw section .near.data, rw section .near.noinit,
          rw section .near_func.textrw };
"A2":  place at start of [0x008000-0x009fff] { block INTVEC };
"P3":  place in [from 0x008000 to 0x009fff] {
          ro section __DLIB_PERTHREAD_init, ro section .far.data_init,
          ro section .far_func.textrw_init, ro section .huge.data_init,
          ro section .huge_func.textrw_init, ro section .iar.init_table,
          ro section .init_array, ro section .near.data_init,
          ro section .near.rodata, ro section .near_func.text,
          ro section .near_func.textrw_init, ro section .tiny.data_init,
          ro section .tiny.rodata_init };
"P4":  place in [from 0x008000 to 0x009fff] {
          ro section .far.rodata, ro section .far_func.text };
"P5":  place in [from 0x008000 to 0x009fff] {
          ro section .huge.rodata, ro section .huge_func.text };
do not initialize {
   rw section .eeprom.noinit, rw section .far.noinit, rw section .huge.noinit,
   rw section .near.noinit, rw section .tiny.noinit, rw section .vregs };
initialize by copy {
   rw section .far.bss, rw section .far.data, rw section .far_func.textrw,
   rw section .huge.bss, rw section .huge.data, rw section .huge_func.textrw,
   rw section .iar.dynexit, rw section .near.bss, rw section .near.data,
   rw section .near_func.textrw, rw section .tiny.bss, rw section .tiny.data,
   ro section .tiny.rodata };

No sections matched the following patterns:

  ro section .far.data_init          in "P3-P5"
  ro section .far.rodata             in "P3-P5"
  ro section .far_func.text          in "P3-P5"
  ro section .far_func.textrw_init   in "P3-P5"
  ro section .huge.data_init         in "P3-P5"
  ro section .huge.rodata            in "P3-P5"
  ro section .huge_func.text         in "P3-P5"
  ro section .huge_func.textrw_init  in "P3-P5"
  ro section .iar.init_table         in "P3-P5"
  ro section .init_array             in "P3-P5"
  ro section .near_func.textrw_init  in "P3-P5"
  ro section .tiny.data_init         in "P3-P5"
  ro section .tiny.rodata_init       in "P3-P5"
  ro section __DLIB_PERTHREAD_init   in "P3-P5"
  rw section .far.bss                in "P2"
  rw section .far.data               in "P2"
  rw section .far.noinit             in "P2"
  rw section .far_func.textrw        in "P2"
  rw section .huge.bss               in "P2"
  rw section .huge.data              in "P2"
  rw section .huge.noinit            in "P2"
  rw section .huge_func.textrw       in "P2"
  rw section .iar.dynexit            in "P2"
  rw section .near.noinit            in "P2"
  rw section .near_func.textrw       in "P2"
  rw section .tiny.bss               in "P1"
  rw section .tiny.data              in "P1"
  rw section .tiny.noinit            in "P1"
  rw section .tiny.rodata            in "P1"
  rw section __DLIB_PERTHREAD        in "P2"
  section .eeprom.data               in "P6-P8"
  section .eeprom.noinit             in "P6-P8"
  section .eeprom.rodata             in "P6-P8"


  Section            Kind      Address   Size  Object
  -------            ----      -------   ----  ------
"A0":                                    0x10
  .vregs             uninit   0x000000   0x10  vregs.o [4]
                            - 0x000010   0x10

"P2":                                    0x2f
  P2-1                        0x000010   0x2f  <Init block>
    .near.data       inited   0x000010    0x1  parser.o [1]
    .near.data       inited   0x000011   0x12  sig_generate.o [1]
    .near.data       inited   0x000023    0x1  timers.o [1]
    .near.bss        inited   0x000024    0x1  main.o [1]
    .near.bss        inited   0x000025    0x2  main.o [1]
    .near.bss        inited   0x000027    0x2  main.o [1]
    .near.bss        inited   0x000029    0x2  main.o [1]
    .near.bss        inited   0x00002b    0x1  main.o [1]
    .near.bss        inited   0x00002c    0x1  main.o [1]
    .near.bss        inited   0x00002d    0x1  main.o [1]
    .near.bss        inited   0x00002e    0x3  parser.o [1]
    .near.bss        inited   0x000031    0x1  parser.o [1]
    .near.bss        inited   0x000032    0x2  pwm_measure.o [1]
    .near.bss        inited   0x000034    0x2  pwm_measure.o [1]
    .near.bss        inited   0x000036    0x2  pwm_measure.o [1]
    .near.bss        inited   0x000038    0x1  sig_generate.o [1]
    .near.bss        inited   0x000039    0x2  sig_generate.o [1]
    .near.bss        inited   0x00003b    0x2  timers.o [1]
    .near.bss        inited   0x00003d    0x2  timers.o [1]
                            - 0x00003f   0x2f

"A1":                                   0x100
  CSTACK                      0x000300  0x100  <Block>
    CSTACK           uninit   0x000300  0x100  <Block tail>
                            - 0x000400  0x100

"A2":                                    0x80
  INTVEC                      0x008000   0x80  <Block>
    .intvec          const    0x008000   0x80  interrupt.o [4]
                            - 0x008080   0x80

"P3-P5":                                0xa7d
  .near_func.text    ro code  0x008080  0x276  stm8s_uart1.o [1]
  .near_func.text    ro code  0x0082f6  0x117  long.o [4]
  .near_func.text    ro code  0x00840d   0xe4  timers.o [1]
  .near_func.text    ro code  0x0084f1   0xdb  stm8s_gpio.o [1]
  .near_func.text    ro code  0x0085cc   0xae  timers.o [1]
  .near_func.text    ro code  0x00867a   0x9b  main.o [1]
  .near_func.text    ro code  0x008715   0x89  parser.o [1]
  .near_func.text    ro code  0x00879e   0x47  pwm_measure.o [1]
  .near_func.text    ro code  0x0087e5   0x44  parser.o [1]
  .near_func.text    ro code  0x008829   0x41  gpio.o [1]
  .near_func.text    ro code  0x00886a   0x40  stm8s_clk.o [1]
  .near.rodata       const    0x0088aa   0x36  stm8s_uart1.o [1]
  .near.rodata       const    0x0088e0   0x35  stm8s_gpio.o [1]
  Initializer bytes  const    0x008915   0x2f  <for P2-1>
  .near_func.text    ro code  0x008944   0x2d  timers.o [1]
  .near_func.text    ro code  0x008971   0x28  init_small.o [4]
  .near_func.text    ro code  0x008999   0x25  timers.o [1]
  .near_func.text    ro code  0x0089be   0x23  short.o [4]
  .near_func.text    ro code  0x0089e1   0x21  uart.o [1]
  .iar.init_table    const    0x008a02    0xa  - Linker created -
  .near_func.text    ro code  0x008a0c   0x1c  parser.o [1]
  .near_func.text    ro code  0x008a28   0x18  vreg_util.o [4]
  .near_func.text    ro code  0x008a40   0x14  init.o [4]
  .near_func.text    ro code  0x008a54   0x14  __dbg_xxexit.o [3]
  .near_func.text    ro code  0x008a68   0x13  cstartup.o [4]
  .near_func.text    ro code  0x008a7b   0x12  move.o [4]
  .near_func.text    ro code  0x008a8d    0xd  stm8s_uart1.o [1]
  .near_func.text    ro code  0x008a9a    0xb  pwm_measure.o [1]
  .near_func.text    ro code  0x008aa5    0x9  sig_generate.o [1]
  .near_func.text    ro code  0x008aae    0x5  clocking.o [1]
  .near_func.text    ro code  0x008ab3    0x5  pwm_generate.o [1]
  .near_func.text    ro code  0x008ab8    0x5  pwm_generate.o [1]
  .near_func.text    ro code  0x008abd    0x5  cexit.o [4]
  .near.rodata       const    0x008ac2    0x4  stm8s_clk.o [1]
  .near_func.text    ro code  0x008ac6    0x4  uart.o [1]
  .near_func.text    ro code  0x008aca    0x3  interrupt.o [4]
  .near_func.text    ro code  0x008acd    0x3  low_level_init.o [4]
  .near_func.text    ro code  0x008ad0    0x3  exit.o [4]
  .near_func.text    ro code  0x008ad3    0x3  unhandled_exception.o [4]
  .near_func.text    ro code  0x008ad6    0x2  main.o [1]
  .near_func.text    ro code  0x008ad8    0x2  stm8s_it.o [1]
  .near_func.text    ro code  0x008ada    0x2  stm8s_it.o [1]
  .near_func.text    ro code  0x008adc    0x2  stm8s_it.o [1]
  .near_func.text    ro code  0x008ade    0x2  stm8s_it.o [1]
  .near_func.text    ro code  0x008ae0    0x2  stm8s_it.o [1]
  .near_func.text    ro code  0x008ae2    0x2  stm8s_it.o [1]
  .near_func.text    ro code  0x008ae4    0x2  stm8s_it.o [1]
  .near_func.text    ro code  0x008ae6    0x2  stm8s_it.o [1]
  .near_func.text    ro code  0x008ae8    0x2  stm8s_it.o [1]
  .near_func.text    ro code  0x008aea    0x2  stm8s_it.o [1]
  .near_func.text    ro code  0x008aec    0x2  stm8s_it.o [1]
  .near_func.text    ro code  0x008aee    0x2  stm8s_it.o [1]
  .near_func.text    ro code  0x008af0    0x2  stm8s_it.o [1]
  .near_func.text    ro code  0x008af2    0x2  stm8s_it.o [1]
  .near_func.text    ro code  0x008af4    0x2  stm8s_it.o [1]
  .near_func.text    ro code  0x008af6    0x2  stm8s_it.o [1]
  .near_func.text    ro code  0x008af8    0x2  stm8s_it.o [1]
  .near_func.text    ro code  0x008afa    0x2  stm8s_it.o [1]
  .near_func.text    ro code  0x008afc    0x1  __dbg_break.o [3]
                            - 0x008afd  0xa7d


*******************************************************************************
*** INIT TABLE
***

          Address   Size
          -------   ----
Copy (__iar_copy_init2)
    1 source range, total size 0x2f:
          0x008915  0x2f
    1 destination range, total size 0x2f:
          0x000010  0x2f



*******************************************************************************
*** MODULE SUMMARY
***

    Module                 ro code  ro data  rw data
    ------                 -------  -------  -------
C:\dev\MCU\STM8\SigAnalyzer\Debug\Obj: [1]
    clocking.o                   5
    gpio.o                      65
    main.o                     157       10       10
    parser.o                   233        5        5
    pwm_generate.o              10
    pwm_measure.o               82        6        6
    sig_generate.o               9       21       21
    stm8s_clk.o                 64        4
    stm8s_gpio.o               219       53
    stm8s_it.o                  36
    stm8s_uart1.o              643       54
    timers.o                   484        5        5
    uart.o                      37
    ------------------------------------------------
    Total:                   2 044      158       47

command line: [2]
    ------------------------------------------------
    Total:

dbgstm8smd.a: [3]
    __dbg_break.o                1
    __dbg_xxexit.o              20
    ------------------------------------------------
    Total:                      21

dlstm8smn.a: [4]
    cexit.o                      5
    cstartup.o                  19
    exit.o                       3
    init.o                      20
    init_small.o                40
    interrupt.o                  3      128
    long.o                     279
    low_level_init.o             3
    move.o                      18
    short.o                     35
    unhandled_exception.o        3
    vreg_util.o                 24
    vregs.o                                       16
    ------------------------------------------------
    Total:                     452      128       16

    Linker created                       10      256
----------------------------------------------------
    Grand Total:             2 517      296      319


*******************************************************************************
*** ENTRY LIST
***

Entry                    Address   Size  Type      Object
-----                    -------   ----  ----      ------
.iar.init_table$$Base   0x008a02          --   Gb  - Linker created -
.iar.init_table$$Limit  0x008a0c          --   Gb  - Linker created -
?b0                     0x000000         Data  Gb  vregs.o [4]
?b1                     0x000001         Data  Gb  vregs.o [4]
?b10                    0x00000a         Data  Gb  vregs.o [4]
?b11                    0x00000b         Data  Gb  vregs.o [4]
?b12                    0x00000c         Data  Gb  vregs.o [4]
?b13                    0x00000d         Data  Gb  vregs.o [4]
?b14                    0x00000e         Data  Gb  vregs.o [4]
?b15                    0x00000f         Data  Gb  vregs.o [4]
?b2                     0x000002         Data  Gb  vregs.o [4]
?b3                     0x000003         Data  Gb  vregs.o [4]
?b4                     0x000004         Data  Gb  vregs.o [4]
?b5                     0x000005         Data  Gb  vregs.o [4]
?b6                     0x000006         Data  Gb  vregs.o [4]
?b7                     0x000007         Data  Gb  vregs.o [4]
?b8                     0x000008         Data  Gb  vregs.o [4]
?b9                     0x000009         Data  Gb  vregs.o [4]
?e0                     0x000001         Data  Gb  vregs.o [4]
?e1                     0x000005         Data  Gb  vregs.o [4]
?e2                     0x000009         Data  Gb  vregs.o [4]
?e3                     0x00000d         Data  Gb  vregs.o [4]
?l0                     0x000000         Data  Gb  vregs.o [4]
?l1                     0x000004         Data  Gb  vregs.o [4]
?l2                     0x000008         Data  Gb  vregs.o [4]
?l3                     0x00000c         Data  Gb  vregs.o [4]
?longfarg16_v_w0_a      0x008a7b         Code  Gb  move.o [4]
?longfarg16_v_w0_x      0x008a7d         Code  Gb  move.o [4]
?mul16_x_x_w0           0x0089be         Code  Gb  short.o [4]
?mul32_l0_l0_l1         0x008311         Code  Gb  long.o [4]
?push_w4                0x008a28         Code  Gb  vreg_util.o [4]
?sll32_0x_0x_a          0x0083ff         Code  Gb  long.o [4]
?sll32_l0_l0_a          0x0083fc         Code  Gb  long.o [4]
?srl16_x_x_4            0x0089dc         Code  Gb  short.o [4]
?sub32_l0_l0_0x         0x0082f9         Code  Gb  long.o [4]
?sub32_l0_l0_l1         0x0082f6         Code  Gb  long.o [4]
?udiv32_l0_l0_l1        0x00838f         Code  Gb  long.o [4]
?umod32_l1_l0_l1        0x00838f         Code  Gb  long.o [4]
?w0                     0x000000         Data  Gb  vregs.o [4]
?w1                     0x000002         Data  Gb  vregs.o [4]
?w2                     0x000004         Data  Gb  vregs.o [4]
?w3                     0x000006         Data  Gb  vregs.o [4]
?w4                     0x000008         Data  Gb  vregs.o [4]
?w5                     0x00000a         Data  Gb  vregs.o [4]
?w6                     0x00000c         Data  Gb  vregs.o [4]
?w7                     0x00000e         Data  Gb  vregs.o [4]
ADC1_IRQHandler         0x008af8    0x2  Code  Gb  stm8s_it.o [1]
AWU_IRQHandler          0x008adc    0x2  Code  Gb  stm8s_it.o [1]
CLK_GetClockFreq        0x00886a   0x40  Code  Gb  stm8s_clk.o [1]
CLK_IRQHandler          0x008ade    0x2  Code  Gb  stm8s_it.o [1]
CSTACK$$Base            0x000300          --   Gb  - Linker created -
CSTACK$$Limit           0x000400          --   Gb  - Linker created -
EEPROM_EEC_IRQHandler   0x008afa    0x2  Code  Gb  stm8s_it.o [1]
EXTI_PORTA_IRQHandler   0x008ae0    0x2  Code  Gb  stm8s_it.o [1]
EXTI_PORTB_IRQHandler   0x008ae2    0x2  Code  Gb  stm8s_it.o [1]
EXTI_PORTC_IRQHandler   0x008ae4    0x2  Code  Gb  stm8s_it.o [1]
EXTI_PORTD_IRQHandler   0x008ae6    0x2  Code  Gb  stm8s_it.o [1]
EXTI_PORTE_IRQHandler   0x008ae8    0x2  Code  Gb  stm8s_it.o [1]
Edge                    0x000023    0x1  Data  Gb  timers.o [1]
GPIO_Init               0x0084f1   0xdb  Code  Gb  stm8s_gpio.o [1]
HSIDivFactor            0x008ac2    0x4  Data  Gb  stm8s_clk.o [1]
I2C_IRQHandler          0x008af6    0x2  Code  Gb  stm8s_it.o [1]
INTVEC$$Base            0x008000          --   Gb  - Linker created -
INTVEC$$Limit           0x008080          --   Gb  - Linker created -
Print                   0x008ac6    0x4  Code  Gb  uart.o [1]
Region$$Table$$Base     0x008a02          --   Gb  - Linker created -
Region$$Table$$Limit    0x008a0c          --   Gb  - Linker created -
SPI_IRQHandler          0x008aea    0x2  Code  Gb  stm8s_it.o [1]
TIM1_CAP_COM_IRQHandler
                        0x00840d   0xe4  Code  Gb  timers.o [1]
TIM1_UPD_OVF_TRG_BRK_IRQHandler
                        0x008aec    0x2  Code  Gb  stm8s_it.o [1]
TIM2_CAP_COM_IRQHandler
                        0x008af0    0x2  Code  Gb  stm8s_it.o [1]
TIM2_UPD_OVF_BRK_IRQHandler
                        0x008aee    0x2  Code  Gb  stm8s_it.o [1]
TIM4_UPD_OVF_IRQHandler
                        0x0085cc   0xae  Code  Gb  timers.o [1]
TLI_IRQHandler          0x008ada    0x2  Code  Gb  stm8s_it.o [1]
TRAP_IRQHandler         0x008ad8    0x2  Code  Gb  stm8s_it.o [1]
UART1_Cmd               0x008a8d    0xd  Code  Gb  stm8s_uart1.o [1]
UART1_Init              0x008080  0x276  Code  Gb  stm8s_uart1.o [1]
UART1_RX_IRQHandler     0x008af4    0x2  Code  Gb  stm8s_it.o [1]
UART1_TX_IRQHandler     0x008af2    0x2  Code  Gb  stm8s_it.o [1]
__DebugBreak            0x008afc    0x1  Code  Gb  __dbg_break.o [3]
__exit                  0x008a54   0x14  Code  Gb  __dbg_xxexit.o [3]
__iar_copy_init2        0x008971         Code  Gb  init_small.o [4]
__iar_data_init2        0x008a40   0x14  Code  Gb  init.o [4]
__iar_program_start     0x008a68         Code  Gb  cstartup.o [4]
__iar_unhandled_exception
                        0x008ad3         Code  Gb  unhandled_exception.o [4]
__intvec                0x008000         Data  Gb  interrupt.o [4]
__low_level_init        0x008acd    0x3  Code  Gb  low_level_init.o [4]
_exit                   0x008abd         Code  Gb  cexit.o [4]
_interrupt_1            0x008ad8         Code  Gb  stm8s_it.o [1]
_interrupt_12           0x008aea         Code  Gb  stm8s_it.o [1]
_interrupt_13           0x008aec         Code  Gb  stm8s_it.o [1]
_interrupt_14           0x00840d         Code  Gb  timers.o [1]
_interrupt_15           0x008aee         Code  Gb  stm8s_it.o [1]
_interrupt_16           0x008af0         Code  Gb  stm8s_it.o [1]
_interrupt_19           0x008af2         Code  Gb  stm8s_it.o [1]
_interrupt_2            0x008ada         Code  Gb  stm8s_it.o [1]
_interrupt_20           0x008af4         Code  Gb  stm8s_it.o [1]
_interrupt_21           0x008af6         Code  Gb  stm8s_it.o [1]
_interrupt_24           0x008af8         Code  Gb  stm8s_it.o [1]
_interrupt_25           0x0085cc         Code  Gb  timers.o [1]
_interrupt_26           0x008afa         Code  Gb  stm8s_it.o [1]
_interrupt_3            0x008adc         Code  Gb  stm8s_it.o [1]
_interrupt_4            0x008ade         Code  Gb  stm8s_it.o [1]
_interrupt_5            0x008ae0         Code  Gb  stm8s_it.o [1]
_interrupt_6            0x008ae2         Code  Gb  stm8s_it.o [1]
_interrupt_7            0x008ae4         Code  Gb  stm8s_it.o [1]
_interrupt_8            0x008ae6         Code  Gb  stm8s_it.o [1]
_interrupt_9            0x008ae8         Code  Gb  stm8s_it.o [1]
assert_failed           0x008ad6    0x2  Code  Gb  main.o [1]
bFirstStart             0x00002d    0x1  Data  Gb  main.o [1]
bGenFromTable           0x00002c    0x1  Data  Gb  main.o [1]
bIsStart                0x0087e5   0x44  Code  Gb  parser.o [1]
bIsStop                 0x008a0c   0x1c  Code  Gb  parser.o [1]
bNewSample              0x000010    0x1  Data  Gb  parser.o [1]
bStart                  0x00002b    0x1  Data  Gb  main.o [1]
eGetParse               0x008715   0x89  Code  Gb  parser.o [1]
ePWM_Measure            0x00879e   0x47  Code  Gb  pwm_measure.o [1]
exit                    0x008ad0    0x3  Code  Gb  exit.o [4]
main                    0x00867a   0x9b  Code  Gb  main.o [1]
sigGen                  0x000011   0x12  Data  Gb  sig_generate.o [1]
ucCountValid            0x000031    0x1  Data  Gb  parser.o [1]
ucCurrentIndexGen       0x000038    0x1  Data  Gb  sig_generate.o [1]
ucPWM_Measure           0x000024    0x1  Data  Gb  main.o [1]
usClockUnStop           0x000027    0x2  Data  Gb  main.o [1]
usClockUncapture        0x000025    0x2  Data  Gb  main.o [1]
usCurrentIndexSample    0x000039    0x2  Data  Gb  sig_generate.o [1]
usHighTime              0x00003d    0x2  Data  Gb  timers.o [1]
usLowTime               0x00003b    0x2  Data  Gb  timers.o [1]
usPWMHighTime           0x000036    0x2  Data  Gb  pwm_measure.o [1]
usPWMLowTime            0x000034    0x2  Data  Gb  pwm_measure.o [1]
usSummaryTime           0x000032    0x2  Data  Gb  pwm_measure.o [1]
usSysTick               0x000029    0x2  Data  Gb  main.o [1]
vClearMeasure           0x008a9a    0xb  Code  Gb  pwm_measure.o [1]
vClock_Config           0x008aae    0x5  Code  Gb  clocking.o [1]
vIncrementGenIndex      0x008aa5    0x9  Code  Gb  sig_generate.o [1]
vSetPWM1                0x008999   0x25  Code  Gb  timers.o [1]
vTestOut_Config         0x008829   0x41  Code  Gb  gpio.o [1]
vTim1_Config            0x008944   0x2d  Code  Gb  timers.o [1]
vTim2_DisablePWM        0x008ab3    0x5  Code  Gb  pwm_generate.o [1]
vTim2_EnablePWM         0x008ab8    0x5  Code  Gb  pwm_generate.o [1]
vUart_Config            0x0089e1   0x21  Code  Gb  uart.o [1]
xNewSample              0x00002e    0x3  Data  Gb  parser.o [1]


[1] = C:\dev\MCU\STM8\SigAnalyzer\Debug\Obj
[2] = command line
[3] = dbgstm8smd.a
[4] = dlstm8smn.a

  2 517 bytes of readonly  code memory
    296 bytes of readonly  data memory
    319 bytes of readwrite data memory

Errors: none
Warnings: none
