###############################################################################
#
# IAR ELF Linker V3.11.1.207 for STM8                     03/Aug/2021  19:29:15
# Copyright 2010-2019 IAR Systems AB.
#
#    Output file  =  
#        C:\dev\MCU\STM8\SigAnalyzer\Debug\Exe\SPL_STM8S_template.out
#    Map file     =  
#        C:\dev\MCU\STM8\SigAnalyzer\Debug\List\SPL_STM8S_template.map
#    Command line =  
#        -f C:\Users\ferna\AppData\Local\Temp\EW7E7C.tmp
#        (C:\dev\MCU\STM8\SigAnalyzer\Debug\Obj\clocking.o
#        C:\dev\MCU\STM8\SigAnalyzer\Debug\Obj\gpio.o
#        C:\dev\MCU\STM8\SigAnalyzer\Debug\Obj\main.o
#        C:\dev\MCU\STM8\SigAnalyzer\Debug\Obj\parser.o
#        C:\dev\MCU\STM8\SigAnalyzer\Debug\Obj\pwm_generate.o
#        C:\dev\MCU\STM8\SigAnalyzer\Debug\Obj\pwm_measure.o
#        C:\dev\MCU\STM8\SigAnalyzer\Debug\Obj\sig_generate.o
#        C:\dev\MCU\STM8\SigAnalyzer\Debug\Obj\stm8s_clk.o
#        C:\dev\MCU\STM8\SigAnalyzer\Debug\Obj\stm8s_flash.o
#        C:\dev\MCU\STM8\SigAnalyzer\Debug\Obj\stm8s_gpio.o
#        C:\dev\MCU\STM8\SigAnalyzer\Debug\Obj\stm8s_it.o
#        C:\dev\MCU\STM8\SigAnalyzer\Debug\Obj\stm8s_itc.o
#        C:\dev\MCU\STM8\SigAnalyzer\Debug\Obj\stm8s_rst.o
#        C:\dev\MCU\STM8\SigAnalyzer\Debug\Obj\stm8s_spi.o
#        C:\dev\MCU\STM8\SigAnalyzer\Debug\Obj\stm8s_tim1.o
#        C:\dev\MCU\STM8\SigAnalyzer\Debug\Obj\stm8s_tim2.o
#        C:\dev\MCU\STM8\SigAnalyzer\Debug\Obj\stm8s_tim3.o
#        C:\dev\MCU\STM8\SigAnalyzer\Debug\Obj\stm8s_tim4.o
#        C:\dev\MCU\STM8\SigAnalyzer\Debug\Obj\stm8s_uart1.o
#        C:\dev\MCU\STM8\SigAnalyzer\Debug\Obj\timers.o
#        C:\dev\MCU\STM8\SigAnalyzer\Debug\Obj\uart.o --redirect
#        _Printf=_PrintfSmall --redirect _Scanf=_ScanfSmall --no_out_extension
#        -o C:\dev\MCU\STM8\SigAnalyzer\Debug\Exe\SPL_STM8S_template.out --map
#        C:\dev\MCU\STM8\SigAnalyzer\Debug\List\SPL_STM8S_template.map --log
#        libraries,initialization,modules,redirects,sections,unused_fragments
#        --log_file
#        C:\dev\MCU\STM8\SigAnalyzer\Debug\List\SPL_STM8S_template.log --config
#        "C:\Program Files (x86)\IAR Systems\Embedded Workbench
#        8.3\stm8\config\lnkstm8s103f3.icf" --config_def _CSTACK_SIZE=0x100
#        --config_def _HEAP_SIZE=0x100 --entry __iar_program_start --debug_lib)
#
###############################################################################

*******************************************************************************
*** RUNTIME MODEL ATTRIBUTES
***

__SystemLibrary            = DLib
__code_model               = small
__core                     = stm8
__data_model               = medium
__dlib_file_descriptor     = 0
__dlib_full_locale_support = 0
__rt_version               = 4


*******************************************************************************
*** PLACEMENT SUMMARY
***

"A0":  place at start of [0x000000-0x0000ff] { rw section .vregs };
"A1":  place at end of [0x000000-0x0003ff] { block CSTACK };
"P2":  place in [from 0x000000 to 0x0003ff] {
          block HEAP, rw section __DLIB_PERTHREAD, rw section .far.bss,
          rw section .far.data, rw section .far.noinit,
          rw section .far_func.textrw, rw section .huge.bss,
          rw section .huge.data, rw section .huge.noinit,
          rw section .huge_func.textrw, rw section .iar.dynexit,
          rw section .near.bss, rw section .near.data, rw section .near.noinit,
          rw section .near_func.textrw };
"A2":  place at start of [0x008000-0x009fff] { block INTVEC };
"P3":  place in [from 0x008000 to 0x009fff] {
          ro section __DLIB_PERTHREAD_init, ro section .far.data_init,
          ro section .far_func.textrw_init, ro section .huge.data_init,
          ro section .huge_func.textrw_init, ro section .iar.init_table,
          ro section .init_array, ro section .near.data_init,
          ro section .near.rodata, ro section .near_func.text,
          ro section .near_func.textrw_init, ro section .tiny.data_init,
          ro section .tiny.rodata_init };
"P4":  place in [from 0x008000 to 0x009fff] {
          ro section .far.rodata, ro section .far_func.text };
"P5":  place in [from 0x008000 to 0x009fff] {
          ro section .huge.rodata, ro section .huge_func.text };
do not initialize {
   rw section .eeprom.noinit, rw section .far.noinit, rw section .huge.noinit,
   rw section .near.noinit, rw section .tiny.noinit, rw section .vregs };
initialize by copy {
   rw section .far.bss, rw section .far.data, rw section .far_func.textrw,
   rw section .huge.bss, rw section .huge.data, rw section .huge_func.textrw,
   rw section .iar.dynexit, rw section .near.bss, rw section .near.data,
   rw section .near_func.textrw, rw section .tiny.bss, rw section .tiny.data,
   ro section .tiny.rodata };

No sections matched the following patterns:

  ro section .far.data_init          in "P3-P5"
  ro section .far.rodata             in "P3-P5"
  ro section .far_func.text          in "P3-P5"
  ro section .far_func.textrw_init   in "P3-P5"
  ro section .huge.data_init         in "P3-P5"
  ro section .huge.rodata            in "P3-P5"
  ro section .huge_func.text         in "P3-P5"
  ro section .huge_func.textrw_init  in "P3-P5"
  ro section .iar.init_table         in "P3-P5"
  ro section .init_array             in "P3-P5"
  ro section .near_func.textrw_init  in "P3-P5"
  ro section .tiny.data_init         in "P3-P5"
  ro section .tiny.rodata_init       in "P3-P5"
  ro section __DLIB_PERTHREAD_init   in "P3-P5"
  rw section .far.bss                in "P2"
  rw section .far.data               in "P2"
  rw section .far.noinit             in "P2"
  rw section .far_func.textrw        in "P2"
  rw section .huge.bss               in "P2"
  rw section .huge.data              in "P2"
  rw section .huge.noinit            in "P2"
  rw section .huge_func.textrw       in "P2"
  rw section .iar.dynexit            in "P2"
  rw section .near.noinit            in "P2"
  rw section .near_func.textrw       in "P2"
  rw section .tiny.bss               in "P1"
  rw section .tiny.data              in "P1"
  rw section .tiny.noinit            in "P1"
  rw section .tiny.rodata            in "P1"
  rw section __DLIB_PERTHREAD        in "P2"
  section .eeprom.data               in "P6-P8"
  section .eeprom.noinit             in "P6-P8"
  section .eeprom.rodata             in "P6-P8"


  Section            Kind      Address   Size  Object
  -------            ----      -------   ----  ------
"A0":                                    0x10
  .vregs             uninit   0x000000   0x10  vregs.o [4]
                            - 0x000010   0x10

"P2":                                    0x30
  P2-1                        0x000010   0x30  <Init block>
    .near.data       inited   0x000010    0x1  parser.o [1]
    .near.data       inited   0x000011   0x12  sig_generate.o [1]
    .near.data       inited   0x000023    0x1  timers.o [1]
    .near.bss        inited   0x000024    0x1  main.o [1]
    .near.bss        inited   0x000025    0x2  main.o [1]
    .near.bss        inited   0x000027    0x2  main.o [1]
    .near.bss        inited   0x000029    0x2  main.o [1]
    .near.bss        inited   0x00002b    0x1  main.o [1]
    .near.bss        inited   0x00002c    0x1  main.o [1]
    .near.bss        inited   0x00002d    0x1  main.o [1]
    .near.bss        inited   0x00002e    0x1  main.o [1]
    .near.bss        inited   0x00002f    0x3  parser.o [1]
    .near.bss        inited   0x000032    0x1  parser.o [1]
    .near.bss        inited   0x000033    0x2  pwm_measure.o [1]
    .near.bss        inited   0x000035    0x2  pwm_measure.o [1]
    .near.bss        inited   0x000037    0x2  pwm_measure.o [1]
    .near.bss        inited   0x000039    0x1  sig_generate.o [1]
    .near.bss        inited   0x00003a    0x2  sig_generate.o [1]
    .near.bss        inited   0x00003c    0x2  timers.o [1]
    .near.bss        inited   0x00003e    0x2  timers.o [1]
                            - 0x000040   0x30

"A1":                                   0x100
  CSTACK                      0x000300  0x100  <Block>
    CSTACK           uninit   0x000300  0x100  <Block tail>
                            - 0x000400  0x100

"A2":                                    0x80
  INTVEC                      0x008000   0x80  <Block>
    .intvec          const    0x008000   0x80  interrupt.o [4]
                            - 0x008080   0x80

"P3-P5":                                0x7d5
  .near_func.text    ro code  0x008080   0xeb  long.o [4]
  .near_func.text    ro code  0x00816b   0xe8  main.o [1]
  .near_func.text    ro code  0x008253   0xdb  stm8s_gpio.o [1]
  .near_func.text    ro code  0x00832e   0xc3  timers.o [1]
  .near_func.text    ro code  0x0083f1   0xb2  timers.o [1]
  .near_func.text    ro code  0x0084a3   0x89  parser.o [1]
  .near_func.text    ro code  0x00852c   0x4d  timers.o [1]
  .near_func.text    ro code  0x008579   0x47  pwm_measure.o [1]
  .near_func.text    ro code  0x0085c0   0x44  parser.o [1]
  .near_func.text    ro code  0x008604   0x41  gpio.o [1]
  .near.rodata       const    0x008645   0x35  stm8s_gpio.o [1]
  Initializer bytes  const    0x00867a   0x30  <for P2-1>
  .near_func.text    ro code  0x0086aa   0x2d  timers.o [1]
  .near_func.text    ro code  0x0086d7   0x2d  timers.o [1]
  .near_func.text    ro code  0x008704   0x28  init_small.o [4]
  .near_func.text    ro code  0x00872c   0x25  timers.o [1]
  .iar.init_table    const    0x008751    0xa  - Linker created -
  .near_func.text    ro code  0x00875b   0x1e  short.o [4]
  .near_func.text    ro code  0x008779   0x1c  parser.o [1]
  .near_func.text    ro code  0x008795   0x18  vreg_util.o [4]
  .near_func.text    ro code  0x0087ad   0x14  init.o [4]
  .near_func.text    ro code  0x0087c1   0x14  __dbg_xxexit.o [3]
  .near_func.text    ro code  0x0087d5   0x13  cstartup.o [4]
  .near_func.text    ro code  0x0087e8   0x12  move.o [4]
  .near_func.text    ro code  0x0087fa    0xb  pwm_measure.o [1]
  .near_func.text    ro code  0x008805    0x9  sig_generate.o [1]
  .near_func.text    ro code  0x00880e    0x5  clocking.o [1]
  .near_func.text    ro code  0x008813    0x5  pwm_generate.o [1]
  .near_func.text    ro code  0x008818    0x5  pwm_generate.o [1]
  .near_func.text    ro code  0x00881d    0x5  cexit.o [4]
  .near_func.text    ro code  0x008822    0x3  interrupt.o [4]
  .near_func.text    ro code  0x008825    0x3  low_level_init.o [4]
  .near_func.text    ro code  0x008828    0x3  exit.o [4]
  .near_func.text    ro code  0x00882b    0x3  unhandled_exception.o [4]
  .near_func.text    ro code  0x00882e    0x2  main.o [1]
  .near_func.text    ro code  0x008830    0x2  stm8s_it.o [1]
  .near_func.text    ro code  0x008832    0x2  stm8s_it.o [1]
  .near_func.text    ro code  0x008834    0x2  stm8s_it.o [1]
  .near_func.text    ro code  0x008836    0x2  stm8s_it.o [1]
  .near_func.text    ro code  0x008838    0x2  stm8s_it.o [1]
  .near_func.text    ro code  0x00883a    0x2  stm8s_it.o [1]
  .near_func.text    ro code  0x00883c    0x2  stm8s_it.o [1]
  .near_func.text    ro code  0x00883e    0x2  stm8s_it.o [1]
  .near_func.text    ro code  0x008840    0x2  stm8s_it.o [1]
  .near_func.text    ro code  0x008842    0x2  stm8s_it.o [1]
  .near_func.text    ro code  0x008844    0x2  stm8s_it.o [1]
  .near_func.text    ro code  0x008846    0x2  stm8s_it.o [1]
  .near_func.text    ro code  0x008848    0x2  stm8s_it.o [1]
  .near_func.text    ro code  0x00884a    0x2  stm8s_it.o [1]
  .near_func.text    ro code  0x00884c    0x2  stm8s_it.o [1]
  .near_func.text    ro code  0x00884e    0x2  stm8s_it.o [1]
  .near_func.text    ro code  0x008850    0x2  stm8s_it.o [1]
  .near_func.text    ro code  0x008852    0x2  stm8s_it.o [1]
  .near_func.text    ro code  0x008854    0x1  __dbg_break.o [3]
                            - 0x008855  0x7d5


*******************************************************************************
*** INIT TABLE
***

          Address   Size
          -------   ----
Copy (__iar_copy_init2)
    1 source range, total size 0x30:
          0x00867a  0x30
    1 destination range, total size 0x30:
          0x000010  0x30



*******************************************************************************
*** MODULE SUMMARY
***

    Module                 ro code  ro data  rw data
    ------                 -------  -------  -------
C:\dev\MCU\STM8\SigAnalyzer\Debug\Obj: [1]
    clocking.o                   5
    gpio.o                      65
    main.o                     234       11       11
    parser.o                   233        5        5
    pwm_generate.o              10
    pwm_measure.o               82        6        6
    sig_generate.o               9       21       21
    stm8s_gpio.o               219       53
    stm8s_it.o                  36
    timers.o                   577        5        5
    ------------------------------------------------
    Total:                   1 470      101       48

command line: [2]
    ------------------------------------------------
    Total:

dbgstm8smd.a: [3]
    __dbg_break.o                1
    __dbg_xxexit.o              20
    ------------------------------------------------
    Total:                      21

dlstm8smn.a: [4]
    cexit.o                      5
    cstartup.o                  19
    exit.o                       3
    init.o                      20
    init_small.o                40
    interrupt.o                  3      128
    long.o                     235
    low_level_init.o             3
    move.o                      18
    short.o                     30
    unhandled_exception.o        3
    vreg_util.o                 24
    vregs.o                                       16
    ------------------------------------------------
    Total:                     403      128       16

    Linker created                       10      256
----------------------------------------------------
    Grand Total:             1 894      239      320


*******************************************************************************
*** ENTRY LIST
***

Entry                    Address  Size  Type      Object
-----                    -------  ----  ----      ------
.iar.init_table$$Base   0x008751         --   Gb  - Linker created -
.iar.init_table$$Limit  0x00875b         --   Gb  - Linker created -
?b0                     0x000000        Data  Gb  vregs.o [4]
?b1                     0x000001        Data  Gb  vregs.o [4]
?b10                    0x00000a        Data  Gb  vregs.o [4]
?b11                    0x00000b        Data  Gb  vregs.o [4]
?b12                    0x00000c        Data  Gb  vregs.o [4]
?b13                    0x00000d        Data  Gb  vregs.o [4]
?b14                    0x00000e        Data  Gb  vregs.o [4]
?b15                    0x00000f        Data  Gb  vregs.o [4]
?b2                     0x000002        Data  Gb  vregs.o [4]
?b3                     0x000003        Data  Gb  vregs.o [4]
?b4                     0x000004        Data  Gb  vregs.o [4]
?b5                     0x000005        Data  Gb  vregs.o [4]
?b6                     0x000006        Data  Gb  vregs.o [4]
?b7                     0x000007        Data  Gb  vregs.o [4]
?b8                     0x000008        Data  Gb  vregs.o [4]
?b9                     0x000009        Data  Gb  vregs.o [4]
?e0                     0x000001        Data  Gb  vregs.o [4]
?e1                     0x000005        Data  Gb  vregs.o [4]
?e2                     0x000009        Data  Gb  vregs.o [4]
?e3                     0x00000d        Data  Gb  vregs.o [4]
?l0                     0x000000        Data  Gb  vregs.o [4]
?l1                     0x000004        Data  Gb  vregs.o [4]
?l2                     0x000008        Data  Gb  vregs.o [4]
?l3                     0x00000c        Data  Gb  vregs.o [4]
?longfarg16_v_w0_a      0x0087e8        Code  Gb  move.o [4]
?longfarg16_v_w0_x      0x0087ea        Code  Gb  move.o [4]
?mul16_x_x_w0           0x00875b        Code  Gb  short.o [4]
?mul32_l0_l0_l1         0x008080        Code  Gb  long.o [4]
?push_w4                0x008795        Code  Gb  vreg_util.o [4]
?udiv32_l0_l0_l1        0x0080fe        Code  Gb  long.o [4]
?umod32_l1_l0_l1        0x0080fe        Code  Gb  long.o [4]
?w0                     0x000000        Data  Gb  vregs.o [4]
?w1                     0x000002        Data  Gb  vregs.o [4]
?w2                     0x000004        Data  Gb  vregs.o [4]
?w3                     0x000006        Data  Gb  vregs.o [4]
?w4                     0x000008        Data  Gb  vregs.o [4]
?w5                     0x00000a        Data  Gb  vregs.o [4]
?w6                     0x00000c        Data  Gb  vregs.o [4]
?w7                     0x00000e        Data  Gb  vregs.o [4]
ADC1_IRQHandler         0x008850   0x2  Code  Gb  stm8s_it.o [1]
AWU_IRQHandler          0x008834   0x2  Code  Gb  stm8s_it.o [1]
CLK_IRQHandler          0x008836   0x2  Code  Gb  stm8s_it.o [1]
CSTACK$$Base            0x000300         --   Gb  - Linker created -
CSTACK$$Limit           0x000400         --   Gb  - Linker created -
EEPROM_EEC_IRQHandler   0x008852   0x2  Code  Gb  stm8s_it.o [1]
EXTI_PORTA_IRQHandler   0x008838   0x2  Code  Gb  stm8s_it.o [1]
EXTI_PORTB_IRQHandler   0x00883a   0x2  Code  Gb  stm8s_it.o [1]
EXTI_PORTC_IRQHandler   0x00883c   0x2  Code  Gb  stm8s_it.o [1]
EXTI_PORTD_IRQHandler   0x00883e   0x2  Code  Gb  stm8s_it.o [1]
EXTI_PORTE_IRQHandler   0x008840   0x2  Code  Gb  stm8s_it.o [1]
Edge                    0x000023   0x1  Data  Gb  timers.o [1]
GPIO_Init               0x008253  0xdb  Code  Gb  stm8s_gpio.o [1]
I2C_IRQHandler          0x00884e   0x2  Code  Gb  stm8s_it.o [1]
INTVEC$$Base            0x008000         --   Gb  - Linker created -
INTVEC$$Limit           0x008080         --   Gb  - Linker created -
Region$$Table$$Base     0x008751         --   Gb  - Linker created -
Region$$Table$$Limit    0x00875b         --   Gb  - Linker created -
SPI_IRQHandler          0x008842   0x2  Code  Gb  stm8s_it.o [1]
TIM1_CAP_COM_IRQHandler
                        0x0083f1  0xb2  Code  Gb  timers.o [1]
TIM1_UPD_OVF_TRG_BRK_IRQHandler
                        0x008844   0x2  Code  Gb  stm8s_it.o [1]
TIM2_CAP_COM_IRQHandler
                        0x008848   0x2  Code  Gb  stm8s_it.o [1]
TIM2_UPD_OVF_BRK_IRQHandler
                        0x008846   0x2  Code  Gb  stm8s_it.o [1]
TIM4_UPD_OVF_IRQHandler
                        0x00832e  0xc3  Code  Gb  timers.o [1]
TLI_IRQHandler          0x008832   0x2  Code  Gb  stm8s_it.o [1]
TRAP_IRQHandler         0x008830   0x2  Code  Gb  stm8s_it.o [1]
UART1_RX_IRQHandler     0x00884c   0x2  Code  Gb  stm8s_it.o [1]
UART1_TX_IRQHandler     0x00884a   0x2  Code  Gb  stm8s_it.o [1]
__DebugBreak            0x008854   0x1  Code  Gb  __dbg_break.o [3]
__exit                  0x0087c1  0x14  Code  Gb  __dbg_xxexit.o [3]
__iar_copy_init2        0x008704        Code  Gb  init_small.o [4]
__iar_data_init2        0x0087ad  0x14  Code  Gb  init.o [4]
__iar_program_start     0x0087d5        Code  Gb  cstartup.o [4]
__iar_unhandled_exception
                        0x00882b        Code  Gb  unhandled_exception.o [4]
__intvec                0x008000        Data  Gb  interrupt.o [4]
__low_level_init        0x008825   0x3  Code  Gb  low_level_init.o [4]
_exit                   0x00881d        Code  Gb  cexit.o [4]
_interrupt_1            0x008830        Code  Gb  stm8s_it.o [1]
_interrupt_12           0x008842        Code  Gb  stm8s_it.o [1]
_interrupt_13           0x008844        Code  Gb  stm8s_it.o [1]
_interrupt_14           0x0083f1        Code  Gb  timers.o [1]
_interrupt_15           0x008846        Code  Gb  stm8s_it.o [1]
_interrupt_16           0x008848        Code  Gb  stm8s_it.o [1]
_interrupt_19           0x00884a        Code  Gb  stm8s_it.o [1]
_interrupt_2            0x008832        Code  Gb  stm8s_it.o [1]
_interrupt_20           0x00884c        Code  Gb  stm8s_it.o [1]
_interrupt_21           0x00884e        Code  Gb  stm8s_it.o [1]
_interrupt_24           0x008850        Code  Gb  stm8s_it.o [1]
_interrupt_25           0x00832e        Code  Gb  timers.o [1]
_interrupt_26           0x008852        Code  Gb  stm8s_it.o [1]
_interrupt_3            0x008834        Code  Gb  stm8s_it.o [1]
_interrupt_4            0x008836        Code  Gb  stm8s_it.o [1]
_interrupt_5            0x008838        Code  Gb  stm8s_it.o [1]
_interrupt_6            0x00883a        Code  Gb  stm8s_it.o [1]
_interrupt_7            0x00883c        Code  Gb  stm8s_it.o [1]
_interrupt_8            0x00883e        Code  Gb  stm8s_it.o [1]
_interrupt_9            0x008840        Code  Gb  stm8s_it.o [1]
assert_failed           0x00882e   0x2  Code  Gb  main.o [1]
bFirstDetect            0x00002e   0x1  Data  Gb  main.o [1]
bFirstStart             0x00002d   0x1  Data  Gb  main.o [1]
bGenFromTable           0x00002c   0x1  Data  Gb  main.o [1]
bIsStart                0x0085c0  0x44  Code  Gb  parser.o [1]
bIsStop                 0x008779  0x1c  Code  Gb  parser.o [1]
bNewSample              0x000010   0x1  Data  Gb  parser.o [1]
bStart                  0x00002b   0x1  Data  Gb  main.o [1]
eGetParse               0x0084a3  0x89  Code  Gb  parser.o [1]
ePWM_Measure            0x008579  0x47  Code  Gb  pwm_measure.o [1]
exit                    0x008828   0x3  Code  Gb  exit.o [4]
main                    0x00816b  0xe8  Code  Gb  main.o [1]
sigGen                  0x000011  0x12  Data  Gb  sig_generate.o [1]
ucCountValid            0x000032   0x1  Data  Gb  parser.o [1]
ucCurrentIndexGen       0x000039   0x1  Data  Gb  sig_generate.o [1]
ucPWM_Measure           0x000024   0x1  Data  Gb  main.o [1]
usClockUnStop           0x000027   0x2  Data  Gb  main.o [1]
usClockUncapture        0x000025   0x2  Data  Gb  main.o [1]
usCurrentIndexSample    0x00003a   0x2  Data  Gb  sig_generate.o [1]
usHighTime              0x00003e   0x2  Data  Gb  timers.o [1]
usLowTime               0x00003c   0x2  Data  Gb  timers.o [1]
usPWMHighTime           0x000037   0x2  Data  Gb  pwm_measure.o [1]
usPWMLowTime            0x000035   0x2  Data  Gb  pwm_measure.o [1]
usSummaryTime           0x000033   0x2  Data  Gb  pwm_measure.o [1]
usSysTick               0x000029   0x2  Data  Gb  main.o [1]
vClearMeasure           0x0087fa   0xb  Code  Gb  pwm_measure.o [1]
vClock_Config           0x00880e   0x5  Code  Gb  clocking.o [1]
vIncrementGenIndex      0x008805   0x9  Code  Gb  sig_generate.o [1]
vSetPWM1                0x00872c  0x25  Code  Gb  timers.o [1]
vTestOut_Config         0x008604  0x41  Code  Gb  gpio.o [1]
vTim1_Config            0x0086aa  0x2d  Code  Gb  timers.o [1]
vTim2_Config            0x00852c  0x4d  Code  Gb  timers.o [1]
vTim2_DisablePWM        0x008813   0x5  Code  Gb  pwm_generate.o [1]
vTim2_EnablePWM         0x008818   0x5  Code  Gb  pwm_generate.o [1]
vTim4_Config            0x0086d7  0x2d  Code  Gb  timers.o [1]
xNewSample              0x00002f   0x3  Data  Gb  parser.o [1]


[1] = C:\dev\MCU\STM8\SigAnalyzer\Debug\Obj
[2] = command line
[3] = dbgstm8smd.a
[4] = dlstm8smn.a

  1 894 bytes of readonly  code memory
    239 bytes of readonly  data memory
    320 bytes of readwrite data memory

Errors: none
Warnings: none
