###############################################################################
#
# IAR ELF Linker V3.11.1.207 for STM8                     29/Jul/2021  11:17:01
# Copyright 2010-2019 IAR Systems AB.
#
#    Output file  =  
#        C:\dev\MCU\STM8\SigAnalyzer\Debug\Exe\SPL_STM8S_template.out
#    Map file     =  
#        C:\dev\MCU\STM8\SigAnalyzer\Debug\List\SPL_STM8S_template.map
#    Command line =  
#        -f C:\Users\ferna\AppData\Local\Temp\EW2DB.tmp
#        (C:\dev\MCU\STM8\SigAnalyzer\Debug\Obj\clocking.o
#        C:\dev\MCU\STM8\SigAnalyzer\Debug\Obj\gpio.o
#        C:\dev\MCU\STM8\SigAnalyzer\Debug\Obj\main.o
#        C:\dev\MCU\STM8\SigAnalyzer\Debug\Obj\parser.o
#        C:\dev\MCU\STM8\SigAnalyzer\Debug\Obj\pwm_generate.o
#        C:\dev\MCU\STM8\SigAnalyzer\Debug\Obj\pwm_measure.o
#        C:\dev\MCU\STM8\SigAnalyzer\Debug\Obj\stm8s_adc1.o
#        C:\dev\MCU\STM8\SigAnalyzer\Debug\Obj\stm8s_adc2.o
#        C:\dev\MCU\STM8\SigAnalyzer\Debug\Obj\stm8s_awu.o
#        C:\dev\MCU\STM8\SigAnalyzer\Debug\Obj\stm8s_beep.o
#        C:\dev\MCU\STM8\SigAnalyzer\Debug\Obj\stm8s_can.o
#        C:\dev\MCU\STM8\SigAnalyzer\Debug\Obj\stm8s_clk.o
#        C:\dev\MCU\STM8\SigAnalyzer\Debug\Obj\stm8s_exti.o
#        C:\dev\MCU\STM8\SigAnalyzer\Debug\Obj\stm8s_flash.o
#        C:\dev\MCU\STM8\SigAnalyzer\Debug\Obj\stm8s_gpio.o
#        C:\dev\MCU\STM8\SigAnalyzer\Debug\Obj\stm8s_i2c.o
#        C:\dev\MCU\STM8\SigAnalyzer\Debug\Obj\stm8s_it.o
#        C:\dev\MCU\STM8\SigAnalyzer\Debug\Obj\stm8s_itc.o
#        C:\dev\MCU\STM8\SigAnalyzer\Debug\Obj\stm8s_iwdg.o
#        C:\dev\MCU\STM8\SigAnalyzer\Debug\Obj\stm8s_rst.o
#        C:\dev\MCU\STM8\SigAnalyzer\Debug\Obj\stm8s_spi.o
#        C:\dev\MCU\STM8\SigAnalyzer\Debug\Obj\stm8s_tim1.o
#        C:\dev\MCU\STM8\SigAnalyzer\Debug\Obj\stm8s_tim2.o
#        C:\dev\MCU\STM8\SigAnalyzer\Debug\Obj\stm8s_tim3.o
#        C:\dev\MCU\STM8\SigAnalyzer\Debug\Obj\stm8s_tim4.o
#        C:\dev\MCU\STM8\SigAnalyzer\Debug\Obj\stm8s_tim5.o
#        C:\dev\MCU\STM8\SigAnalyzer\Debug\Obj\stm8s_tim6.o
#        C:\dev\MCU\STM8\SigAnalyzer\Debug\Obj\stm8s_uart1.o
#        C:\dev\MCU\STM8\SigAnalyzer\Debug\Obj\stm8s_uart2.o
#        C:\dev\MCU\STM8\SigAnalyzer\Debug\Obj\stm8s_uart3.o
#        C:\dev\MCU\STM8\SigAnalyzer\Debug\Obj\stm8s_uart4.o
#        C:\dev\MCU\STM8\SigAnalyzer\Debug\Obj\stm8s_wwdg.o
#        C:\dev\MCU\STM8\SigAnalyzer\Debug\Obj\timers.o
#        C:\dev\MCU\STM8\SigAnalyzer\Debug\Obj\uart.o --redirect
#        _Printf=_PrintfSmall --redirect _Scanf=_ScanfSmall --no_out_extension
#        -o C:\dev\MCU\STM8\SigAnalyzer\Debug\Exe\SPL_STM8S_template.out --map
#        C:\dev\MCU\STM8\SigAnalyzer\Debug\List\SPL_STM8S_template.map --log
#        libraries,initialization,modules,redirects,sections,unused_fragments
#        --log_file
#        C:\dev\MCU\STM8\SigAnalyzer\Debug\List\SPL_STM8S_template.log --config
#        "C:\Program Files (x86)\IAR Systems\Embedded Workbench
#        8.3\stm8\config\lnkstm8s103f3.icf" --config_def _CSTACK_SIZE=0x100
#        --config_def _HEAP_SIZE=0x100 --entry __iar_program_start --debug_lib)
#
###############################################################################

*******************************************************************************
*** RUNTIME MODEL ATTRIBUTES
***

__SystemLibrary            = DLib
__code_model               = small
__core                     = stm8
__data_model               = medium
__dlib_file_descriptor     = 0
__dlib_full_locale_support = 0
__rt_version               = 4


*******************************************************************************
*** PLACEMENT SUMMARY
***

"A0":  place at start of [0x000000-0x0000ff] { rw section .vregs };
"A1":  place at end of [0x000000-0x0003ff] { block CSTACK };
"P2":  place in [from 0x000000 to 0x0003ff] {
          block HEAP, rw section __DLIB_PERTHREAD, rw section .far.bss,
          rw section .far.data, rw section .far.noinit,
          rw section .far_func.textrw, rw section .huge.bss,
          rw section .huge.data, rw section .huge.noinit,
          rw section .huge_func.textrw, rw section .iar.dynexit,
          rw section .near.bss, rw section .near.data, rw section .near.noinit,
          rw section .near_func.textrw };
"A2":  place at start of [0x008000-0x009fff] { block INTVEC };
"P3":  place in [from 0x008000 to 0x009fff] {
          ro section __DLIB_PERTHREAD_init, ro section .far.data_init,
          ro section .far_func.textrw_init, ro section .huge.data_init,
          ro section .huge_func.textrw_init, ro section .iar.init_table,
          ro section .init_array, ro section .near.data_init,
          ro section .near.rodata, ro section .near_func.text,
          ro section .near_func.textrw_init, ro section .tiny.data_init,
          ro section .tiny.rodata_init };
"P4":  place in [from 0x008000 to 0x009fff] {
          ro section .far.rodata, ro section .far_func.text };
"P5":  place in [from 0x008000 to 0x009fff] {
          ro section .huge.rodata, ro section .huge_func.text };
do not initialize {
   rw section .eeprom.noinit, rw section .far.noinit, rw section .huge.noinit,
   rw section .near.noinit, rw section .tiny.noinit, rw section .vregs };
initialize by copy {
   rw section .far.bss, rw section .far.data, rw section .far_func.textrw,
   rw section .huge.bss, rw section .huge.data, rw section .huge_func.textrw,
   rw section .iar.dynexit, rw section .near.bss, rw section .near.data,
   rw section .near_func.textrw, rw section .tiny.bss, rw section .tiny.data,
   ro section .tiny.rodata };

No sections matched the following patterns:

  ro section .far.data_init          in "P3-P5"
  ro section .far.rodata             in "P3-P5"
  ro section .far_func.text          in "P3-P5"
  ro section .far_func.textrw_init   in "P3-P5"
  ro section .huge.data_init         in "P3-P5"
  ro section .huge.rodata            in "P3-P5"
  ro section .huge_func.text         in "P3-P5"
  ro section .huge_func.textrw_init  in "P3-P5"
  ro section .iar.init_table         in "P3-P5"
  ro section .init_array             in "P3-P5"
  ro section .near_func.textrw_init  in "P3-P5"
  ro section .tiny.data_init         in "P3-P5"
  ro section .tiny.rodata_init       in "P3-P5"
  ro section __DLIB_PERTHREAD_init   in "P3-P5"
  rw section .far.bss                in "P2"
  rw section .far.data               in "P2"
  rw section .far.noinit             in "P2"
  rw section .far_func.textrw        in "P2"
  rw section .huge.bss               in "P2"
  rw section .huge.data              in "P2"
  rw section .huge.noinit            in "P2"
  rw section .huge_func.textrw       in "P2"
  rw section .iar.dynexit            in "P2"
  rw section .near.noinit            in "P2"
  rw section .near_func.textrw       in "P2"
  rw section .tiny.bss               in "P1"
  rw section .tiny.data              in "P1"
  rw section .tiny.noinit            in "P1"
  rw section .tiny.rodata            in "P1"
  rw section __DLIB_PERTHREAD        in "P2"
  section .eeprom.data               in "P6-P8"
  section .eeprom.noinit             in "P6-P8"
  section .eeprom.rodata             in "P6-P8"


  Section            Kind      Address   Size  Object
  -------            ----      -------   ----  ------
"A0":                                     0xc
  .vregs             uninit   0x000000    0xc  vregs.o [4]
                            - 0x00000c    0xc

"P2":                                     0x9
  P2-1                        0x00000c    0x9  <Init block>
    .near.data       inited   0x00000c    0x1  parser.o [1]
    .near.data       inited   0x00000d    0x1  timers.o [1]
    .near.bss        inited   0x00000e    0x3  parser.o [1]
    .near.bss        inited   0x000011    0x2  timers.o [1]
    .near.bss        inited   0x000013    0x2  timers.o [1]
                            - 0x000015    0x9

"A1":                                   0x100
  CSTACK                      0x000300  0x100  <Block>
    CSTACK           uninit   0x000300  0x100  <Block tail>
                            - 0x000400  0x100

"A2":                                    0x80
  INTVEC                      0x008000   0x80  <Block>
    .intvec          const    0x008000   0x80  interrupt.o [4]
                            - 0x008080   0x80

"P3-P5":                                0x38c
  .near_func.text    ro code  0x008080   0xad  stm8s_gpio.o [1]
  .near_func.text    ro code  0x00812d   0x91  timers.o [1]
  .near_func.text    ro code  0x0081be   0x65  vreg_util.o [4]
  .near_func.text    ro code  0x008223   0x55  timers.o [1]
  .near.rodata       const    0x008278   0x35  stm8s_gpio.o [1]
  .near_func.text    ro code  0x0082ad   0x2d  timers.o [1]
  .near_func.text    ro code  0x0082da   0x2d  timers.o [1]
  .near_func.text    ro code  0x008307   0x28  init_small.o [4]
  .iar.init_table    const    0x00832f    0xa  - Linker created -
  .near_func.text    ro code  0x008339   0x14  init.o [4]
  .near_func.text    ro code  0x00834d   0x14  __dbg_xxexit.o [3]
  .near_func.text    ro code  0x008361   0x13  cstartup.o [4]
  .near_func.text    ro code  0x008374   0x11  gpio.o [1]
  .near_func.text    ro code  0x008385   0x11  main.o [1]
  .near_func.text    ro code  0x008396    0xf  main.o [1]
  .near_func.text    ro code  0x0083a5    0xd  timers.o [1]
  .near_func.text    ro code  0x0083b2    0xb  stm8s_gpio.o [1]
  .near_func.text    ro code  0x0083bd    0x9  timers.o [1]
  Initializer bytes  const    0x0083c6    0x9  <for P2-1>
  .near_func.text    ro code  0x0083cf    0x5  clocking.o [1]
  .near_func.text    ro code  0x0083d4    0x5  cexit.o [4]
  .near_func.text    ro code  0x0083d9    0x3  interrupt.o [4]
  .near_func.text    ro code  0x0083dc    0x3  low_level_init.o [4]
  .near_func.text    ro code  0x0083df    0x3  exit.o [4]
  .near_func.text    ro code  0x0083e2    0x3  unhandled_exception.o [4]
  .near_func.text    ro code  0x0083e5    0x2  main.o [1]
  .near_func.text    ro code  0x0083e7    0x2  stm8s_it.o [1]
  .near_func.text    ro code  0x0083e9    0x2  stm8s_it.o [1]
  .near_func.text    ro code  0x0083eb    0x2  stm8s_it.o [1]
  .near_func.text    ro code  0x0083ed    0x2  stm8s_it.o [1]
  .near_func.text    ro code  0x0083ef    0x2  stm8s_it.o [1]
  .near_func.text    ro code  0x0083f1    0x2  stm8s_it.o [1]
  .near_func.text    ro code  0x0083f3    0x2  stm8s_it.o [1]
  .near_func.text    ro code  0x0083f5    0x2  stm8s_it.o [1]
  .near_func.text    ro code  0x0083f7    0x2  stm8s_it.o [1]
  .near_func.text    ro code  0x0083f9    0x2  stm8s_it.o [1]
  .near_func.text    ro code  0x0083fb    0x2  stm8s_it.o [1]
  .near_func.text    ro code  0x0083fd    0x2  stm8s_it.o [1]
  .near_func.text    ro code  0x0083ff    0x2  stm8s_it.o [1]
  .near_func.text    ro code  0x008401    0x2  stm8s_it.o [1]
  .near_func.text    ro code  0x008403    0x2  stm8s_it.o [1]
  .near_func.text    ro code  0x008405    0x2  stm8s_it.o [1]
  .near_func.text    ro code  0x008407    0x2  stm8s_it.o [1]
  .near_func.text    ro code  0x008409    0x2  stm8s_it.o [1]
  .near_func.text    ro code  0x00840b    0x1  __dbg_break.o [3]
                            - 0x00840c  0x38c


*******************************************************************************
*** INIT TABLE
***

          Address   Size
          -------   ----
Copy (__iar_copy_init2)
    1 source range, total size 0x9:
          0x0083c6   0x9
    1 destination range, total size 0x9:
          0x00000c   0x9



*******************************************************************************
*** MODULE SUMMARY
***

    Module                 ro code  ro data  rw data
    ------                 -------  -------  -------
C:\dev\MCU\STM8\SigAnalyzer\Debug\Obj: [1]
    clocking.o                   5
    gpio.o                      17
    main.o                      34
    parser.o                              4        4
    stm8s_gpio.o               184       53
    stm8s_it.o                  36
    timers.o                   342        5        5
    ------------------------------------------------
    Total:                     618       62        9

command line: [2]
    ------------------------------------------------
    Total:

dbgstm8smd.a: [3]
    __dbg_break.o                1
    __dbg_xxexit.o              20
    ------------------------------------------------
    Total:                      21

dlstm8smn.a: [4]
    cexit.o                      5
    cstartup.o                  19
    exit.o                       3
    init.o                      20
    init_small.o                40
    interrupt.o                  3      128
    low_level_init.o             3
    unhandled_exception.o        3
    vreg_util.o                101
    vregs.o                                       12
    ------------------------------------------------
    Total:                     197      128       12

    Linker created                       10      256
----------------------------------------------------
    Grand Total:               836      200      277


*******************************************************************************
*** ENTRY LIST
***

Entry                    Address  Size  Type      Object
-----                    -------  ----  ----      ------
.iar.init_table$$Base   0x00832f         --   Gb  - Linker created -
.iar.init_table$$Limit  0x008339         --   Gb  - Linker created -
?b0                     0x000000        Data  Gb  vregs.o [4]
?b1                     0x000001        Data  Gb  vregs.o [4]
?b10                    0x00000a        Data  Gb  vregs.o [4]
?b11                    0x00000b        Data  Gb  vregs.o [4]
?b2                     0x000002        Data  Gb  vregs.o [4]
?b3                     0x000003        Data  Gb  vregs.o [4]
?b4                     0x000004        Data  Gb  vregs.o [4]
?b5                     0x000005        Data  Gb  vregs.o [4]
?b6                     0x000006        Data  Gb  vregs.o [4]
?b7                     0x000007        Data  Gb  vregs.o [4]
?b8                     0x000008        Data  Gb  vregs.o [4]
?b9                     0x000009        Data  Gb  vregs.o [4]
?e0                     0x000001        Data  Gb  vregs.o [4]
?e1                     0x000005        Data  Gb  vregs.o [4]
?e2                     0x000009        Data  Gb  vregs.o [4]
?epilogue_l2            0x00821f        Code  Gb  vreg_util.o [4]
?l0                     0x000000        Data  Gb  vregs.o [4]
?l1                     0x000004        Data  Gb  vregs.o [4]
?l2                     0x000008        Data  Gb  vregs.o [4]
?pop_l2                 0x00820c        Code  Gb  vreg_util.o [4]
?pop_w0                 0x0081db        Code  Gb  vreg_util.o [4]
?push_l2                0x0081ea        Code  Gb  vreg_util.o [4]
?push_w0                0x0081be        Code  Gb  vreg_util.o [4]
?push_w4                0x0081c3        Code  Gb  vreg_util.o [4]
?w0                     0x000000        Data  Gb  vregs.o [4]
?w1                     0x000002        Data  Gb  vregs.o [4]
?w2                     0x000004        Data  Gb  vregs.o [4]
?w3                     0x000006        Data  Gb  vregs.o [4]
?w4                     0x000008        Data  Gb  vregs.o [4]
?w5                     0x00000a        Data  Gb  vregs.o [4]
ADC1_IRQHandler         0x008407   0x2  Code  Gb  stm8s_it.o [1]
AWU_IRQHandler          0x0083eb   0x2  Code  Gb  stm8s_it.o [1]
CLK_IRQHandler          0x0083ed   0x2  Code  Gb  stm8s_it.o [1]
CSTACK$$Base            0x000300         --   Gb  - Linker created -
CSTACK$$Limit           0x000400         --   Gb  - Linker created -
EEPROM_EEC_IRQHandler   0x008409   0x2  Code  Gb  stm8s_it.o [1]
EXTI_PORTA_IRQHandler   0x0083ef   0x2  Code  Gb  stm8s_it.o [1]
EXTI_PORTB_IRQHandler   0x0083f1   0x2  Code  Gb  stm8s_it.o [1]
EXTI_PORTC_IRQHandler   0x0083f3   0x2  Code  Gb  stm8s_it.o [1]
EXTI_PORTD_IRQHandler   0x0083f5   0x2  Code  Gb  stm8s_it.o [1]
EXTI_PORTE_IRQHandler   0x0083f7   0x2  Code  Gb  stm8s_it.o [1]
Edge                    0x00000d   0x1  Data  Gb  timers.o [1]
GPIO_Init               0x008080  0xad  Code  Gb  stm8s_gpio.o [1]
I2C_IRQHandler          0x008405   0x2  Code  Gb  stm8s_it.o [1]
INTVEC$$Base            0x008000         --   Gb  - Linker created -
INTVEC$$Limit           0x008080         --   Gb  - Linker created -
Region$$Table$$Base     0x00832f         --   Gb  - Linker created -
Region$$Table$$Limit    0x008339         --   Gb  - Linker created -
SPI_IRQHandler          0x0083f9   0x2  Code  Gb  stm8s_it.o [1]
SystemInit              0x008385  0x11  Code  Gb  main.o [1]
TIM1_CAP_COM_IRQHandler
                        0x00812d  0x91  Code  Gb  timers.o [1]
TIM1_UPD_OVF_TRG_BRK_IRQHandler
                        0x0083fb   0x2  Code  Gb  stm8s_it.o [1]
TIM2_CAP_COM_IRQHandler
                        0x0083ff   0x2  Code  Gb  stm8s_it.o [1]
TIM2_UPD_OVF_BRK_IRQHandler
                        0x0083fd   0x2  Code  Gb  stm8s_it.o [1]
TIM4_UPD_OVF_IRQHandler
                        0x0083a5   0xd  Code  Gb  timers.o [1]
TLI_IRQHandler          0x0083e9   0x2  Code  Gb  stm8s_it.o [1]
TRAP_IRQHandler         0x0083e7   0x2  Code  Gb  stm8s_it.o [1]
UART1_RX_IRQHandler     0x008403   0x2  Code  Gb  stm8s_it.o [1]
UART1_TX_IRQHandler     0x008401   0x2  Code  Gb  stm8s_it.o [1]
__DebugBreak            0x00840b   0x1  Code  Gb  __dbg_break.o [3]
__exit                  0x00834d  0x14  Code  Gb  __dbg_xxexit.o [3]
__iar_copy_init2        0x008307        Code  Gb  init_small.o [4]
__iar_data_init2        0x008339  0x14  Code  Gb  init.o [4]
__iar_program_start     0x008361        Code  Gb  cstartup.o [4]
__iar_unhandled_exception
                        0x0083e2        Code  Gb  unhandled_exception.o [4]
__intvec                0x008000        Data  Gb  interrupt.o [4]
__low_level_init        0x0083dc   0x3  Code  Gb  low_level_init.o [4]
_exit                   0x0083d4        Code  Gb  cexit.o [4]
_interrupt_1            0x0083e7        Code  Gb  stm8s_it.o [1]
_interrupt_12           0x0083f9        Code  Gb  stm8s_it.o [1]
_interrupt_13           0x0083fb        Code  Gb  stm8s_it.o [1]
_interrupt_14           0x00812d        Code  Gb  timers.o [1]
_interrupt_15           0x0083fd        Code  Gb  stm8s_it.o [1]
_interrupt_16           0x0083ff        Code  Gb  stm8s_it.o [1]
_interrupt_19           0x008401        Code  Gb  stm8s_it.o [1]
_interrupt_2            0x0083e9        Code  Gb  stm8s_it.o [1]
_interrupt_20           0x008403        Code  Gb  stm8s_it.o [1]
_interrupt_21           0x008405        Code  Gb  stm8s_it.o [1]
_interrupt_24           0x008407        Code  Gb  stm8s_it.o [1]
_interrupt_25           0x0083a5        Code  Gb  timers.o [1]
_interrupt_26           0x008409        Code  Gb  stm8s_it.o [1]
_interrupt_3            0x0083eb        Code  Gb  stm8s_it.o [1]
_interrupt_4            0x0083ed        Code  Gb  stm8s_it.o [1]
_interrupt_5            0x0083ef        Code  Gb  stm8s_it.o [1]
_interrupt_6            0x0083f1        Code  Gb  stm8s_it.o [1]
_interrupt_7            0x0083f3        Code  Gb  stm8s_it.o [1]
_interrupt_8            0x0083f5        Code  Gb  stm8s_it.o [1]
_interrupt_9            0x0083f7        Code  Gb  stm8s_it.o [1]
assert_failed           0x0083e5   0x2  Code  Gb  main.o [1]
bNewSample              0x00000c   0x1  Data  Gb  parser.o [1]
exit                    0x0083df   0x3  Code  Gb  exit.o [4]
main                    0x008396   0xf  Code  Gb  main.o [1]
usHighTime              0x000013   0x2  Data  Gb  timers.o [1]
usLowTime               0x000011   0x2  Data  Gb  timers.o [1]
vClock_Config           0x0083cf   0x5  Code  Gb  clocking.o [1]
vTestOut_Config         0x008374  0x11  Code  Gb  gpio.o [1]
vTim1_Config            0x0082ad  0x2d  Code  Gb  timers.o [1]
vTim2_Config            0x008223  0x55  Code  Gb  timers.o [1]
vTim4_Config            0x0082da  0x2d  Code  Gb  timers.o [1]
xNewSample              0x00000e   0x3  Data  Gb  parser.o [1]


[1] = C:\dev\MCU\STM8\SigAnalyzer\Debug\Obj
[2] = command line
[3] = dbgstm8smd.a
[4] = dlstm8smn.a

  836 bytes of readonly  code memory
  200 bytes of readonly  data memory
  277 bytes of readwrite data memory

Errors: none
Warnings: none
